
 Start         Length     Name                   Class
 0001:00000000 000E45F8H .text                   CODE
 0002:00000000 00004DBCH .data                   DATA
 0002:00004DBC 00002C59H .bss                    BSS


Detailed map of segments

 0001:00000000 000062D3 C=CODE     S=.text    G=(none)   M=System   ACBP=A9
 0001:000062D4 00000140 C=CODE     S=.text    G=(none)   M=SysInit  ACBP=A9
 0001:00006414 00000090 C=CODE     S=.text    G=(none)   M=Types    ACBP=A9
 0001:000064A4 00000E14 C=CODE     S=.text    G=(none)   M=Windows  ACBP=A9
 0001:000072B8 00000038 C=CODE     S=.text    G=(none)   M=Messages ACBP=A9
 0001:000072F0 00000390 C=CODE     S=.text    G=(none)   M=SysConst ACBP=A9
 0001:00007680 000078EC C=CODE     S=.text    G=(none)   M=SysUtils ACBP=A9
 0001:0000EF6C 0000082B C=CODE     S=.text    G=(none)   M=VarUtils ACBP=A9
 0001:0000F798 00009522 C=CODE     S=.text    G=(none)   M=Variants ACBP=A9
 0001:00018CBC 00000148 C=CODE     S=.text    G=(none)   M=RTLConsts ACBP=A9
 0001:00018E04 0000183C C=CODE     S=.text    G=(none)   M=TypInfo  ACBP=A9
 0001:0001A640 000000B8 C=CODE     S=.text    G=(none)   M=ActiveX  ACBP=A9
 0001:0001A6F8 0000A27E C=CODE     S=.text    G=(none)   M=Classes  ACBP=A9
 0001:00024978 00000348 C=CODE     S=.text    G=(none)   M=Consts   ACBP=A9
 0001:00024CC0 0000977F C=CODE     S=.text    G=(none)   M=Graphics ACBP=A9
 0001:0002E440 00000048 C=CODE     S=.text    G=(none)   M=Math     ACBP=A9
 0001:0002E488 000002C0 C=CODE     S=.text    G=(none)   M=Contnrs  ACBP=A9
 0001:0002E748 00000190 C=CODE     S=.text    G=(none)   M=CommCtrl ACBP=A9
 0001:0002E8D8 00000787 C=CODE     S=.text    G=(none)   M=MultiMon ACBP=A9
 0001:0002F060 00000038 C=CODE     S=.text    G=(none)   M=Imm      ACBP=A9
 0001:0002F098 00000FF8 C=CODE     S=.text    G=(none)   M=HelpIntfs ACBP=A9
 0001:00030090 00000038 C=CODE     S=.text    G=(none)   M=WinSpool ACBP=A9
 0001:000300C8 00000044 C=CODE     S=.text    G=(none)   M=Printers ACBP=A9
 0001:0003010C 0000031F C=CODE     S=.text    G=(none)   M=FlatSB   ACBP=A9
 0001:0003042C 000001A4 C=CODE     S=.text    G=(none)   M=SyncObjs ACBP=A9
 0001:000305D0 000009BB C=CODE     S=.text    G=(none)   M=UxTheme  ACBP=A9
 0001:00030F8C 00000038 C=CODE     S=.text    G=(none)   M=RichEdit ACBP=A9
 0001:00030FC4 00000038 C=CODE     S=.text    G=(none)   M=ToolWin  ACBP=A9
 0001:00030FFC 00000040 C=CODE     S=.text    G=(none)   M=ShellAPI ACBP=A9
 0001:0003103C 00000038 C=CODE     S=.text    G=(none)   M=RegStr   ACBP=A9
 0001:00031074 00000038 C=CODE     S=.text    G=(none)   M=WinInet  ACBP=A9
 0001:000310AC 00000038 C=CODE     S=.text    G=(none)   M=UrlMon   ACBP=A9
 0001:000310E4 0000008C C=CODE     S=.text    G=(none)   M=ShlObj   ACBP=A9
 0001:00031170 00000040 C=CODE     S=.text    G=(none)   M=CommDlg  ACBP=A9
 0001:000311B0 00000038 C=CODE     S=.text    G=(none)   M=Dlgs     ACBP=A9
 0001:000311E8 00002369 C=CODE     S=.text    G=(none)   M=Dialogs  ACBP=A9
 0001:00033554 00002B3E C=CODE     S=.text    G=(none)   M=ExtCtrls ACBP=A9
 0001:00036094 00000078 C=CODE     S=.text    G=(none)   M=ComStrs  ACBP=A9
 0001:0003610C 00000094 C=CODE     S=.text    G=(none)   M=Clipbrd  ACBP=A9
 0001:000361A0 00000038 C=CODE     S=.text    G=(none)   M=StrUtils ACBP=A9
 0001:000361D8 000000F5 C=CODE     S=.text    G=(none)   M=Buttons  ACBP=A9
 0001:000362D0 00000038 C=CODE     S=.text    G=(none)   M=ExtDlgs  ACBP=A9
 0001:00036308 00001098 C=CODE     S=.text    G=(none)   M=IniFiles ACBP=A9
 0001:000373A0 00000068 C=CODE     S=.text    G=(none)   M=Registry ACBP=A9
 0001:00037408 0000006C C=CODE     S=.text    G=(none)   M=Mapi     ACBP=A9
 0001:00037474 00000058 C=CODE     S=.text    G=(none)   M=ExtActns ACBP=A9
 0001:000374CC 00000038 C=CODE     S=.text    G=(none)   M=ListActns ACBP=A9
 0001:00037504 00004C98 C=CODE     S=.text    G=(none)   M=ComCtrls ACBP=A9
 0001:0003C19C 00000D1C C=CODE     S=.text    G=(none)   M=Themes   ACBP=A9
 0001:0003CEB8 0000C674 C=CODE     S=.text    G=(none)   M=StdCtrls ACBP=A9
 0001:0004952C 00000168 C=CODE     S=.text    G=(none)   M=StdActns ACBP=A9
 0001:00049694 00000D1F C=CODE     S=.text    G=(none)   M=WinHelpViewer ACBP=A9
 0001:0004A3B4 00010F83 C=CODE     S=.text    G=(none)   M=Controls ACBP=A9
 0001:0005B338 00001292 C=CODE     S=.text    G=(none)   M=ActnList ACBP=A9
 0001:0005C5CC 000016E4 C=CODE     S=.text    G=(none)   M=ImgList  ACBP=A9
 0001:0005DCB0 000066AD C=CODE     S=.text    G=(none)   M=Menus    ACBP=A9
 0001:00064360 0000C6DC C=CODE     S=.text    G=(none)   M=Forms    ACBP=A9
 0001:00070A3C 000000E4 C=CODE     S=.text    G=(none)   M=XPMan    ACBP=A9
 0001:00070B20 0000006C C=CODE     S=.text    G=(none)   M=JVCLVer  ACBP=A9
 0001:00070B8C 00000038 C=CODE     S=.text    G=(none)   M=JvConsts ACBP=A9
 0001:00070BC4 00000038 C=CODE     S=.text    G=(none)   M=JvComponentBase ACBP=A9
 0001:00070BFC 00000124 C=CODE     S=.text    G=(none)   M=JvBaseDlg ACBP=A9
 0001:00070D20 000057F8 C=CODE     S=.text    G=(none)   M=FileCtrl ACBP=A9
 0001:00076518 00000348 C=CODE     S=.text    G=(none)   M=JvSelectDirectory ACBP=A9
 0001:00076860 00000821 C=CODE     S=.text    G=(none)   M=JclResources ACBP=A9
 0001:00077084 00000262 C=CODE     S=.text    G=(none)   M=JclBase  ACBP=A9
 0001:000772E8 00000038 C=CODE     S=.text    G=(none)   M=AccCtrl  ACBP=A9
 0001:00077320 000002C9 C=CODE     S=.text    G=(none)   M=JclWin32 ACBP=A9
 0001:000775EC 00000058 C=CODE     S=.text    G=(none)   M=ComConst ACBP=A9
 0001:00077644 00000F41 C=CODE     S=.text    G=(none)   M=ComObj   ACBP=A9
 0001:00078588 00000145 C=CODE     S=.text    G=(none)   M=JclLogic ACBP=A9
 0001:000786D0 00000151 C=CODE     S=.text    G=(none)   M=JclStringConversions ACBP=A9
 0001:00078824 000017DD C=CODE     S=.text    G=(none)   M=JclCharsets ACBP=A9
 0001:0007A004 00000141 C=CODE     S=.text    G=(none)   M=Jcl8087  ACBP=A9
 0001:0007A148 00000038 C=CODE     S=.text    G=(none)   M=WinSock  ACBP=A9
 0001:0007A180 00000038 C=CODE     S=.text    G=(none)   M=Snmp     ACBP=A9
 0001:0007A1B8 00000038 C=CODE     S=.text    G=(none)   M=TlHelp32 ACBP=A9
 0001:0007A1F0 00000038 C=CODE     S=.text    G=(none)   M=PsAPI    ACBP=A9
 0001:0007A228 00000149 C=CODE     S=.text    G=(none)   M=JclIniFiles ACBP=A9
 0001:0007A374 00001AA9 C=CODE     S=.text    G=(none)   M=JclUnicode ACBP=A9
 0001:0007BE20 00000149 C=CODE     S=.text    G=(none)   M=JclWideStrings ACBP=A9
 0001:0007BF6C 000004E3 C=CODE     S=.text    G=(none)   M=JclRegistry ACBP=A9
 0001:0007C450 0000046D C=CODE     S=.text    G=(none)   M=JclSynch ACBP=A9
 0001:0007C8C0 00000141 C=CODE     S=.text    G=(none)   M=JclMath  ACBP=A9
 0001:0007CA04 00000145 C=CODE     S=.text    G=(none)   M=JclStreams ACBP=A9
 0001:0007CB4C 00000233 C=CODE     S=.text    G=(none)   M=JclAnsiStrings ACBP=A9
 0001:0007CD80 00000263 C=CODE     S=.text    G=(none)   M=JclStrings ACBP=A9
 0001:0007CFE4 00000151 C=CODE     S=.text    G=(none)   M=JclShell ACBP=A9
 0001:0007D138 00000149 C=CODE     S=.text    G=(none)   M=JclSecurity ACBP=A9
 0001:0007D284 00000145 C=CODE     S=.text    G=(none)   M=JclDateTime ACBP=A9
 0001:0007D3CC 00000371 C=CODE     S=.text    G=(none)   M=JclFileUtils ACBP=A9
 0001:0007D740 00000145 C=CODE     S=.text    G=(none)   M=JclConsole ACBP=A9
 0001:0007D888 00000714 C=CODE     S=.text    G=(none)   M=JclSysUtils ACBP=A9
 0001:0007DF9C 00000859 C=CODE     S=.text    G=(none)   M=JclUnitVersioning ACBP=A9
 0001:0007E7F8 0000091C C=CODE     S=.text    G=(none)   M=JclSysInfo ACBP=A9
 0001:0007F114 000009E0 C=CODE     S=.text    G=(none)   M=MaskUtils ACBP=A9
 0001:0007FAF4 00000038 C=CODE     S=.text    G=(none)   M=Mask     ACBP=A9
 0001:0007FB2C 00000038 C=CODE     S=.text    G=(none)   M=Grids    ACBP=A9
 0001:0007FB64 000002D0 C=CODE     S=.text    G=(none)   M=JvResources ACBP=A9
 0001:0007FE34 00000B04 C=CODE     S=.text    G=(none)   M=JvTypes  ACBP=A9
 0001:00080938 00000038 C=CODE     S=.text    G=(none)   M=MMSystem ACBP=A9
 0001:00080970 000002A0 C=CODE     S=.text    G=(none)   M=JvJCLUtils ACBP=A9
 0001:00080C10 000002C6 C=CODE     S=.text    G=(none)   M=JclRTTI  ACBP=A9
 0001:00080ED8 00000141 C=CODE     S=.text    G=(none)   M=JclMime  ACBP=A9
 0001:0008101C 00000038 C=CODE     S=.text    G=(none)   M=JvPropertyStoreEditorIntf ACBP=A9
 0001:00081054 00000104 C=CODE     S=.text    G=(none)   M=JvStrings ACBP=A9
 0001:00081158 00000050 C=CODE     S=.text    G=(none)   M=JConsts  ACBP=A9
 0001:000811A8 000133EC C=CODE     S=.text    G=(none)   M=jpeg     ACBP=A9
 0001:00094594 00000044 C=CODE     S=.text    G=(none)   M=JvProgressUtils ACBP=A9
 0001:000945D8 00000218 C=CODE     S=.text    G=(none)   M=JvPropertyStore ACBP=A9
 0001:000947F0 00000038 C=CODE     S=.text    G=(none)   M=JvTranslateString ACBP=A9
 0001:00094828 0000013B C=CODE     S=.text    G=(none)   M=JvAppStorage ACBP=A9
 0001:00094964 000008D3 C=CODE     S=.text    G=(none)   M=JvJVCLUtils ACBP=A9
 0001:00095238 0000005C C=CODE     S=.text    G=(none)   M=JvDialogs ACBP=A9
 0001:00095294 000006A8 C=CODE     S=.text    G=(none)   M=erasedirs ACBP=A9
 0001:0009593C 00000070 C=CODE     S=.text    G=(none)   M=DateUtils ACBP=A9
 0001:000959AC 000001A8 C=CODE     S=.text    G=(none)   M=DBConsts ACBP=A9
 0001:00095B54 00000F73 C=CODE     S=.text    G=(none)   M=SqlTimSt ACBP=A9
 0001:00096AC8 00004AFB C=CODE     S=.text    G=(none)   M=FMTBcd   ACBP=A9
 0001:0009B5C4 0001482C C=CODE     S=.text    G=(none)   M=DB       ACBP=A9
 0001:000AFDF0 000000C4 C=CODE     S=.text    G=(none)   M=OleDB    ACBP=A9
 0001:000AFEB4 00000250 C=CODE     S=.text    G=(none)   M=ADOInt   ACBP=A9
 0001:000B0104 00000A50 C=CODE     S=.text    G=(none)   M=DBCommon ACBP=A9
 0001:000B0B54 00000160 C=CODE     S=.text    G=(none)   M=Mtx      ACBP=A9
 0001:000B0CB4 000000B0 C=CODE     S=.text    G=(none)   M=ADOConst ACBP=A9
 0001:000B0D64 000108B6 C=CODE     S=.text    G=(none)   M=ADODB    ACBP=A9
 0001:000C161C 00000090 C=CODE     S=.text    G=(none)   M=VDBConsts ACBP=A9
 0001:000C16AC 00000728 C=CODE     S=.text    G=(none)   M=DBLogDlg ACBP=A9
 0001:000C1DD4 00000531 C=CODE     S=.text    G=(none)   M=DBPWDlg  ACBP=A9
 0001:000C2308 00000304 C=CODE     S=.text    G=(none)   M=DBCtrls  ACBP=A9
 0001:000C260C 00000038 C=CODE     S=.text    G=(none)   M=DBGrids  ACBP=A9
 0001:000C2644 00001FC0 C=CODE     S=.text    G=(none)   M=XiTrackBar ACBP=A9
 0001:000C4604 000001EB C=CODE     S=.text    G=(none)   M=JvThemes ACBP=A9
 0001:000C47F0 00000970 C=CODE     S=.text    G=(none)   M=JvExControls ACBP=A9
 0001:000C5160 00000720 C=CODE     S=.text    G=(none)   M=JvExStdCtrls ACBP=A9
 0001:000C5880 00002D3C C=CODE     S=.text    G=(none)   M=JvBehaviorLabel ACBP=A9
 0001:000C85BC 00000038 C=CODE     S=.text    G=(none)   M=JvExComCtrls ACBP=A9
 0001:000C85F4 00000038 C=CODE     S=.text    G=(none)   M=JvExForms ACBP=A9
 0001:000C862C 00000038 C=CODE     S=.text    G=(none)   M=JvComponent ACBP=A9
 0001:000C8664 000011C4 C=CODE     S=.text    G=(none)   M=JvProgressBar ACBP=A9
 0001:000C9828 00000314 C=CODE     S=.text    G=(none)   M=JvgTypes ACBP=A9
 0001:000C9B3C 00000038 C=CODE     S=.text    G=(none)   M=Jvg3DColors ACBP=A9
 0001:000C9B74 00000B20 C=CODE     S=.text    G=(none)   M=JvgUtils ACBP=A9
 0001:000CA694 0000124C C=CODE     S=.text    G=(none)   M=JvgCommClasses ACBP=A9
 0001:000CB8E0 0000206C C=CODE     S=.text    G=(none)   M=JvgLabel ACBP=A9
 0001:000CD94C 00003A20 C=CODE     S=.text    G=(none)   M=database ACBP=A9
 0001:000D136C 000050B0 C=CODE     S=.text    G=(none)   M=mame     ACBP=A9
 0001:000D641C 0000B068 C=CODE     S=.text    G=(none)   M=mame2    ACBP=A9
 0001:000E1484 0000294C C=CODE     S=.text    G=(none)   M=Main     ACBP=A9
 0001:000E3DD0 000002C8 C=CODE     S=.text    G=(none)   M=functionX ACBP=A9
 0001:000E4098 0000055D C=CODE     S=.text    G=(none)   M=confEditor ACBP=A9
 0002:00000000 000000A4 C=DATA     S=.data    G=DGROUP   M=System   ACBP=A9
 0002:000000A4 00000020 C=DATA     S=.data    G=DGROUP   M=SysInit  ACBP=A9
 0002:000000C4 00000274 C=DATA     S=.data    G=DGROUP   M=SysUtils ACBP=A9
 0002:00000338 00000110 C=DATA     S=.data    G=DGROUP   M=VarUtils ACBP=A9
 0002:00000448 000001B6 C=DATA     S=.data    G=DGROUP   M=Variants ACBP=A9
 0002:00000600 0000000C C=DATA     S=.data    G=DGROUP   M=TypInfo  ACBP=A9
 0002:0000060C 00000010 C=DATA     S=.data    G=DGROUP   M=ActiveX  ACBP=A9
 0002:0000061C 000000E4 C=DATA     S=.data    G=DGROUP   M=Classes  ACBP=A9
 0002:00000700 0000030C C=DATA     S=.data    G=DGROUP   M=Graphics ACBP=A9
 0002:00000A0C 00000004 C=DATA     S=.data    G=DGROUP   M=Printers ACBP=A9
 0002:00000A10 00000114 C=DATA     S=.data    G=DGROUP   M=Dialogs  ACBP=A9
 0002:00000B24 0000018C C=DATA     S=.data    G=DGROUP   M=ExtCtrls ACBP=A9
 0002:00000CB0 0000002C C=DATA     S=.data    G=DGROUP   M=Buttons  ACBP=A9
 0002:00000CDC 00000008 C=DATA     S=.data    G=DGROUP   M=IniFiles ACBP=A9
 0002:00000CE4 00000008 C=DATA     S=.data    G=DGROUP   M=Registry ACBP=A9
 0002:00000CEC 00000008 C=DATA     S=.data    G=DGROUP   M=Mapi     ACBP=A9
 0002:00000CF4 00000090 C=DATA     S=.data    G=DGROUP   M=ComCtrls ACBP=A9
 0002:00000D84 00000068 C=DATA     S=.data    G=DGROUP   M=Themes   ACBP=A9
 0002:00000DEC 00000154 C=DATA     S=.data    G=DGROUP   M=StdCtrls ACBP=A9
 0002:00000F40 0000013C C=DATA     S=.data    G=DGROUP   M=Controls ACBP=A9
 0002:0000107C 00000020 C=DATA     S=.data    G=DGROUP   M=ImgList  ACBP=A9
 0002:0000109C 000000EC C=DATA     S=.data    G=DGROUP   M=Menus    ACBP=A9
 0002:00001188 0000011C C=DATA     S=.data    G=DGROUP   M=Forms    ACBP=A9
 0002:000012A4 0000000E C=DATA     S=.data    G=DGROUP   M=JvConsts ACBP=A9
 0002:000012B4 00000016 C=DATA     S=.data    G=DGROUP   M=FileCtrl ACBP=A9
 0002:000012CC 00000080 C=DATA     S=.data    G=DGROUP   M=JclResources ACBP=A9
 0002:0000134C 00000018 C=DATA     S=.data    G=DGROUP   M=JclBase  ACBP=A9
 0002:00001364 00000018 C=DATA     S=.data    G=DGROUP   M=JclWin32 ACBP=A9
 0002:0000137C 00000030 C=DATA     S=.data    G=DGROUP   M=ComObj   ACBP=A9
 0002:000013AC 00000018 C=DATA     S=.data    G=DGROUP   M=JclLogic ACBP=A9
 0002:000013C4 00000018 C=DATA     S=.data    G=DGROUP   M=JclStringConversions ACBP=A9
 0002:000013DC 00000988 C=DATA     S=.data    G=DGROUP   M=JclCharsets ACBP=A9
 0002:00001D64 00000018 C=DATA     S=.data    G=DGROUP   M=Jcl8087  ACBP=A9
 0002:00001D7C 00000018 C=DATA     S=.data    G=DGROUP   M=JclIniFiles ACBP=A9
 0002:00001D94 0000075C C=DATA     S=.data    G=DGROUP   M=JclUnicode ACBP=A9
 0002:000024F0 00000018 C=DATA     S=.data    G=DGROUP   M=JclWideStrings ACBP=A9
 0002:00002508 000000F8 C=DATA     S=.data    G=DGROUP   M=JclRegistry ACBP=A9
 0002:00002600 00000018 C=DATA     S=.data    G=DGROUP   M=JclSynch ACBP=A9
 0002:00002618 00000018 C=DATA     S=.data    G=DGROUP   M=JclMath  ACBP=A9
 0002:00002630 00000018 C=DATA     S=.data    G=DGROUP   M=JclStreams ACBP=A9
 0002:00002648 0000001C C=DATA     S=.data    G=DGROUP   M=JclAnsiStrings ACBP=A9
 0002:00002664 00000024 C=DATA     S=.data    G=DGROUP   M=JclStrings ACBP=A9
 0002:00002688 0000001C C=DATA     S=.data    G=DGROUP   M=JclShell ACBP=A9
 0002:000026A4 00000018 C=DATA     S=.data    G=DGROUP   M=JclSecurity ACBP=A9
 0002:000026BC 00000018 C=DATA     S=.data    G=DGROUP   M=JclDateTime ACBP=A9
 0002:000026D4 00000048 C=DATA     S=.data    G=DGROUP   M=JclFileUtils ACBP=A9
 0002:0000271C 00000018 C=DATA     S=.data    G=DGROUP   M=JclConsole ACBP=A9
 0002:00002734 0000002C C=DATA     S=.data    G=DGROUP   M=JclSysUtils ACBP=A9
 0002:00002760 00000028 C=DATA     S=.data    G=DGROUP   M=JclUnitVersioning ACBP=A9
 0002:00002788 00000754 C=DATA     S=.data    G=DGROUP   M=JclSysInfo ACBP=A9
 0002:00002EDC 00000005 C=DATA     S=.data    G=DGROUP   M=MaskUtils ACBP=A9
 0002:00002EE4 00000438 C=DATA     S=.data    G=DGROUP   M=JvTypes  ACBP=A9
 0002:0000331C 00000050 C=DATA     S=.data    G=DGROUP   M=JvJCLUtils ACBP=A9
 0002:0000336C 00000018 C=DATA     S=.data    G=DGROUP   M=JclRTTI  ACBP=A9
 0002:00003384 00000018 C=DATA     S=.data    G=DGROUP   M=JclMime  ACBP=A9
 0002:0000339C 0000000C C=DATA     S=.data    G=DGROUP   M=JvStrings ACBP=A9
 0002:000033A8 00000908 C=DATA     S=.data    G=DGROUP   M=jpeg     ACBP=A9
 0002:00003CB0 00000004 C=DATA     S=.data    G=DGROUP   M=JvProgressUtils ACBP=A9
 0002:00003CB4 00000048 C=DATA     S=.data    G=DGROUP   M=JvPropertyStore ACBP=A9
 0002:00003CFC 00000070 C=DATA     S=.data    G=DGROUP   M=JvJVCLUtils ACBP=A9
 0002:00003D6C 00000004 C=DATA     S=.data    G=DGROUP   M=JvDialogs ACBP=A9
 0002:00003D70 0000003C C=DATA     S=.data    G=DGROUP   M=SqlTimSt ACBP=A9
 0002:00003DAC 00000065 C=DATA     S=.data    G=DGROUP   M=FMTBcd   ACBP=A9
 0002:00003E14 0000021E C=DATA     S=.data    G=DGROUP   M=DB       ACBP=A9
 0002:00004034 00000010 C=DATA     S=.data    G=DGROUP   M=OleDB    ACBP=A9
 0002:00004044 00000060 C=DATA     S=.data    G=DGROUP   M=ADOInt   ACBP=A9
 0002:000040A4 00000020 C=DATA     S=.data    G=DGROUP   M=Mtx      ACBP=A9
 0002:000040C4 00000294 C=DATA     S=.data    G=DGROUP   M=ADODB    ACBP=A9
 0002:00004358 00000028 C=DATA     S=.data    G=DGROUP   M=DBCtrls  ACBP=A9
 0002:00004380 00000004 C=DATA     S=.data    G=DGROUP   M=JvBehaviorLabel ACBP=A9
 0002:00004384 00000088 C=DATA     S=.data    G=DGROUP   M=JvgUtils ACBP=A9
 0002:0000440C 00000010 C=DATA     S=.data    G=DGROUP   M=JvgLabel ACBP=A9
 0002:00005000 00000664 C=BSS      S=.bss     G=DGROUP   M=System   ACBP=A9
 0002:00005664 00000010 C=BSS      S=.bss     G=DGROUP   M=SysInit  ACBP=A9
 0002:00005674 00000004 C=BSS      S=.bss     G=DGROUP   M=Types    ACBP=A9
 0002:00005678 00000004 C=BSS      S=.bss     G=DGROUP   M=Windows  ACBP=A9
 0002:0000567C 00000004 C=BSS      S=.bss     G=DGROUP   M=Messages ACBP=A9
 0002:00005680 00000004 C=BSS      S=.bss     G=DGROUP   M=SysConst ACBP=A9
 0002:00005684 00000120 C=BSS      S=.bss     G=DGROUP   M=SysUtils ACBP=A9
 0002:000057A4 0000005C C=BSS      S=.bss     G=DGROUP   M=VarUtils ACBP=A9
 0002:00005800 00000040 C=BSS      S=.bss     G=DGROUP   M=Variants ACBP=A9
 0002:00005840 00000004 C=BSS      S=.bss     G=DGROUP   M=RTLConsts ACBP=A9
 0002:00005844 00000004 C=BSS      S=.bss     G=DGROUP   M=TypInfo  ACBP=A9
 0002:00005848 00000004 C=BSS      S=.bss     G=DGROUP   M=ActiveX  ACBP=A9
 0002:0000584C 00000040 C=BSS      S=.bss     G=DGROUP   M=Classes  ACBP=A9
 0002:0000588C 00000004 C=BSS      S=.bss     G=DGROUP   M=Consts   ACBP=A9
 0002:00005890 00000060 C=BSS      S=.bss     G=DGROUP   M=Graphics ACBP=A9
 0002:000058F0 00000004 C=BSS      S=.bss     G=DGROUP   M=Math     ACBP=A9
 0002:000058F4 00000004 C=BSS      S=.bss     G=DGROUP   M=Contnrs  ACBP=A9
 0002:000058F8 0000000C C=BSS      S=.bss     G=DGROUP   M=CommCtrl ACBP=A9
 0002:00005904 00000031 C=BSS      S=.bss     G=DGROUP   M=MultiMon ACBP=A9
 0002:00005938 00000004 C=BSS      S=.bss     G=DGROUP   M=Imm      ACBP=A9
 0002:0000593C 00000008 C=BSS      S=.bss     G=DGROUP   M=HelpIntfs ACBP=A9
 0002:00005944 00000004 C=BSS      S=.bss     G=DGROUP   M=WinSpool ACBP=A9
 0002:00005948 00000004 C=BSS      S=.bss     G=DGROUP   M=Printers ACBP=A9
 0002:0000594C 00000034 C=BSS      S=.bss     G=DGROUP   M=FlatSB   ACBP=A9
 0002:00005980 00000004 C=BSS      S=.bss     G=DGROUP   M=SyncObjs ACBP=A9
 0002:00005984 000000CC C=BSS      S=.bss     G=DGROUP   M=UxTheme  ACBP=A9
 0002:00005A50 00000004 C=BSS      S=.bss     G=DGROUP   M=RichEdit ACBP=A9
 0002:00005A54 00000004 C=BSS      S=.bss     G=DGROUP   M=ToolWin  ACBP=A9
 0002:00005A58 00000004 C=BSS      S=.bss     G=DGROUP   M=ShellAPI ACBP=A9
 0002:00005A5C 00000004 C=BSS      S=.bss     G=DGROUP   M=RegStr   ACBP=A9
 0002:00005A60 00000004 C=BSS      S=.bss     G=DGROUP   M=WinInet  ACBP=A9
 0002:00005A64 00000004 C=BSS      S=.bss     G=DGROUP   M=UrlMon   ACBP=A9
 0002:00005A68 00000004 C=BSS      S=.bss     G=DGROUP   M=ShlObj   ACBP=A9
 0002:00005A6C 00000004 C=BSS      S=.bss     G=DGROUP   M=CommDlg  ACBP=A9
 0002:00005A70 00000004 C=BSS      S=.bss     G=DGROUP   M=Dlgs     ACBP=A9
 0002:00005A74 00000038 C=BSS      S=.bss     G=DGROUP   M=Dialogs  ACBP=A9
 0002:00005AAC 00000004 C=BSS      S=.bss     G=DGROUP   M=ExtCtrls ACBP=A9
 0002:00005AB0 00000004 C=BSS      S=.bss     G=DGROUP   M=ComStrs  ACBP=A9
 0002:00005AB4 0000000C C=BSS      S=.bss     G=DGROUP   M=Clipbrd  ACBP=A9
 0002:00005AC0 00000004 C=BSS      S=.bss     G=DGROUP   M=StrUtils ACBP=A9
 0002:00005AC4 00000030 C=BSS      S=.bss     G=DGROUP   M=Buttons  ACBP=A9
 0002:00005AF4 00000004 C=BSS      S=.bss     G=DGROUP   M=ExtDlgs  ACBP=A9
 0002:00005AF8 00000004 C=BSS      S=.bss     G=DGROUP   M=IniFiles ACBP=A9
 0002:00005AFC 00000004 C=BSS      S=.bss     G=DGROUP   M=Registry ACBP=A9
 0002:00005B00 00000004 C=BSS      S=.bss     G=DGROUP   M=Mapi     ACBP=A9
 0002:00005B04 00000009 C=BSS      S=.bss     G=DGROUP   M=ExtActns ACBP=A9
 0002:00005B10 00000004 C=BSS      S=.bss     G=DGROUP   M=ListActns ACBP=A9
 0002:00005B14 00000010 C=BSS      S=.bss     G=DGROUP   M=ComCtrls ACBP=A9
 0002:00005B24 00000008 C=BSS      S=.bss     G=DGROUP   M=Themes   ACBP=A9
 0002:00005B2C 00000004 C=BSS      S=.bss     G=DGROUP   M=StdCtrls ACBP=A9
 0002:00005B30 00000004 C=BSS      S=.bss     G=DGROUP   M=StdActns ACBP=A9
 0002:00005B34 00000014 C=BSS      S=.bss     G=DGROUP   M=WinHelpViewer ACBP=A9
 0002:00005B48 00000080 C=BSS      S=.bss     G=DGROUP   M=Controls ACBP=A9
 0002:00005BC8 00000004 C=BSS      S=.bss     G=DGROUP   M=ActnList ACBP=A9
 0002:00005BCC 0000000C C=BSS      S=.bss     G=DGROUP   M=ImgList  ACBP=A9
 0002:00005BD8 00000010 C=BSS      S=.bss     G=DGROUP   M=Menus    ACBP=A9
 0002:00005BE8 00000020 C=BSS      S=.bss     G=DGROUP   M=Forms    ACBP=A9
 0002:00005C08 00000004 C=BSS      S=.bss     G=DGROUP   M=XPMan    ACBP=A9
 0002:00005C0C 00000004 C=BSS      S=.bss     G=DGROUP   M=JVCLVer  ACBP=A9
 0002:00005C10 00000004 C=BSS      S=.bss     G=DGROUP   M=JvConsts ACBP=A9
 0002:00005C14 00000004 C=BSS      S=.bss     G=DGROUP   M=JvComponentBase ACBP=A9
 0002:00005C18 00000004 C=BSS      S=.bss     G=DGROUP   M=JvBaseDlg ACBP=A9
 0002:00005C1C 00000004 C=BSS      S=.bss     G=DGROUP   M=FileCtrl ACBP=A9
 0002:00005C20 00000004 C=BSS      S=.bss     G=DGROUP   M=JvSelectDirectory ACBP=A9
 0002:00005C24 00000004 C=BSS      S=.bss     G=DGROUP   M=JclResources ACBP=A9
 0002:00005C28 00000008 C=BSS      S=.bss     G=DGROUP   M=JclBase  ACBP=A9
 0002:00005C30 00000004 C=BSS      S=.bss     G=DGROUP   M=AccCtrl  ACBP=A9
 0002:00005C34 00000004 C=BSS      S=.bss     G=DGROUP   M=JclWin32 ACBP=A9
 0002:00005C38 00000004 C=BSS      S=.bss     G=DGROUP   M=ComConst ACBP=A9
 0002:00005C3C 00000011 C=BSS      S=.bss     G=DGROUP   M=ComObj   ACBP=A9
 0002:00005C50 00000004 C=BSS      S=.bss     G=DGROUP   M=JclLogic ACBP=A9
 0002:00005C54 00000004 C=BSS      S=.bss     G=DGROUP   M=JclStringConversions ACBP=A9
 0002:00005C58 00000004 C=BSS      S=.bss     G=DGROUP   M=JclCharsets ACBP=A9
 0002:00005C5C 00000004 C=BSS      S=.bss     G=DGROUP   M=Jcl8087  ACBP=A9
 0002:00005C60 00000004 C=BSS      S=.bss     G=DGROUP   M=WinSock  ACBP=A9
 0002:00005C64 00000004 C=BSS      S=.bss     G=DGROUP   M=Snmp     ACBP=A9
 0002:00005C68 00000004 C=BSS      S=.bss     G=DGROUP   M=TlHelp32 ACBP=A9
 0002:00005C6C 00000004 C=BSS      S=.bss     G=DGROUP   M=PsAPI    ACBP=A9
 0002:00005C70 00000004 C=BSS      S=.bss     G=DGROUP   M=JclIniFiles ACBP=A9
 0002:00005C74 00001418 C=BSS      S=.bss     G=DGROUP   M=JclUnicode ACBP=A9
 0002:0000708C 00000004 C=BSS      S=.bss     G=DGROUP   M=JclWideStrings ACBP=A9
 0002:00007090 00000004 C=BSS      S=.bss     G=DGROUP   M=JclRegistry ACBP=A9
 0002:00007094 00000004 C=BSS      S=.bss     G=DGROUP   M=JclSynch ACBP=A9
 0002:00007098 00000004 C=BSS      S=.bss     G=DGROUP   M=JclMath  ACBP=A9
 0002:0000709C 00000004 C=BSS      S=.bss     G=DGROUP   M=JclStreams ACBP=A9
 0002:000070A0 00000504 C=BSS      S=.bss     G=DGROUP   M=JclAnsiStrings ACBP=A9
 0002:000075A4 00000504 C=BSS      S=.bss     G=DGROUP   M=JclStrings ACBP=A9
 0002:00007AA8 00000004 C=BSS      S=.bss     G=DGROUP   M=JclShell ACBP=A9
 0002:00007AAC 00000004 C=BSS      S=.bss     G=DGROUP   M=JclSecurity ACBP=A9
 0002:00007AB0 00000004 C=BSS      S=.bss     G=DGROUP   M=JclDateTime ACBP=A9
 0002:00007AB4 00000004 C=BSS      S=.bss     G=DGROUP   M=JclFileUtils ACBP=A9
 0002:00007AB8 00000004 C=BSS      S=.bss     G=DGROUP   M=JclConsole ACBP=A9
 0002:00007ABC 00000008 C=BSS      S=.bss     G=DGROUP   M=JclSysUtils ACBP=A9
 0002:00007AC4 00000008 C=BSS      S=.bss     G=DGROUP   M=JclUnitVersioning ACBP=A9
 0002:00007ACC 00000010 C=BSS      S=.bss     G=DGROUP   M=JclSysInfo ACBP=A9
 0002:00007ADC 00000004 C=BSS      S=.bss     G=DGROUP   M=MaskUtils ACBP=A9
 0002:00007AE0 00000004 C=BSS      S=.bss     G=DGROUP   M=Mask     ACBP=A9
 0002:00007AE4 00000004 C=BSS      S=.bss     G=DGROUP   M=Grids    ACBP=A9
 0002:00007AE8 00000004 C=BSS      S=.bss     G=DGROUP   M=JvResources ACBP=A9
 0002:00007AEC 00000004 C=BSS      S=.bss     G=DGROUP   M=JvTypes  ACBP=A9
 0002:00007AF0 00000004 C=BSS      S=.bss     G=DGROUP   M=MMSystem ACBP=A9
 0002:00007AF4 00000004 C=BSS      S=.bss     G=DGROUP   M=JvJCLUtils ACBP=A9
 0002:00007AF8 00000008 C=BSS      S=.bss     G=DGROUP   M=JclRTTI  ACBP=A9
 0002:00007B00 00000004 C=BSS      S=.bss     G=DGROUP   M=JclMime  ACBP=A9
 0002:00007B04 00000004 C=BSS      S=.bss     G=DGROUP   M=JvPropertyStoreEditorIntf ACBP=A9
 0002:00007B08 00000004 C=BSS      S=.bss     G=DGROUP   M=JvStrings ACBP=A9
 0002:00007B0C 00000004 C=BSS      S=.bss     G=DGROUP   M=JConsts  ACBP=A9
 0002:00007B10 00000004 C=BSS      S=.bss     G=DGROUP   M=jpeg     ACBP=A9
 0002:00007B14 00000004 C=BSS      S=.bss     G=DGROUP   M=JvProgressUtils ACBP=A9
 0002:00007B18 00000004 C=BSS      S=.bss     G=DGROUP   M=JvPropertyStore ACBP=A9
 0002:00007B1C 00000004 C=BSS      S=.bss     G=DGROUP   M=JvTranslateString ACBP=A9
 0002:00007B20 00000008 C=BSS      S=.bss     G=DGROUP   M=JvAppStorage ACBP=A9
 0002:00007B28 00000004 C=BSS      S=.bss     G=DGROUP   M=JvJVCLUtils ACBP=A9
 0002:00007B2C 00000004 C=BSS      S=.bss     G=DGROUP   M=JvDialogs ACBP=A9
 0002:00007B30 0000000C C=BSS      S=.bss     G=DGROUP   M=erasedirs ACBP=A9
 0002:00007B3C 00000004 C=BSS      S=.bss     G=DGROUP   M=DateUtils ACBP=A9
 0002:00007B40 00000004 C=BSS      S=.bss     G=DGROUP   M=DBConsts ACBP=A9
 0002:00007B44 00000004 C=BSS      S=.bss     G=DGROUP   M=SqlTimSt ACBP=A9
 0002:00007B48 00000004 C=BSS      S=.bss     G=DGROUP   M=FMTBcd   ACBP=A9
 0002:00007B4C 00000020 C=BSS      S=.bss     G=DGROUP   M=DB       ACBP=A9
 0002:00007B6C 00000004 C=BSS      S=.bss     G=DGROUP   M=OleDB    ACBP=A9
 0002:00007B70 00000004 C=BSS      S=.bss     G=DGROUP   M=ADOInt   ACBP=A9
 0002:00007B74 00000004 C=BSS      S=.bss     G=DGROUP   M=DBCommon ACBP=A9
 0002:00007B78 00000004 C=BSS      S=.bss     G=DGROUP   M=Mtx      ACBP=A9
 0002:00007B7C 00000004 C=BSS      S=.bss     G=DGROUP   M=ADOConst ACBP=A9
 0002:00007B80 00000008 C=BSS      S=.bss     G=DGROUP   M=ADODB    ACBP=A9
 0002:00007B88 00000004 C=BSS      S=.bss     G=DGROUP   M=VDBConsts ACBP=A9
 0002:00007B8C 00000004 C=BSS      S=.bss     G=DGROUP   M=DBLogDlg ACBP=A9
 0002:00007B90 00000004 C=BSS      S=.bss     G=DGROUP   M=DBPWDlg  ACBP=A9
 0002:00007B94 00000004 C=BSS      S=.bss     G=DGROUP   M=DBCtrls  ACBP=A9
 0002:00007B98 00000004 C=BSS      S=.bss     G=DGROUP   M=DBGrids  ACBP=A9
 0002:00007B9C 00000004 C=BSS      S=.bss     G=DGROUP   M=XiTrackBar ACBP=A9
 0002:00007BA0 00000008 C=BSS      S=.bss     G=DGROUP   M=JvThemes ACBP=A9
 0002:00007BA8 00000004 C=BSS      S=.bss     G=DGROUP   M=JvExControls ACBP=A9
 0002:00007BAC 00000004 C=BSS      S=.bss     G=DGROUP   M=JvExStdCtrls ACBP=A9
 0002:00007BB0 00000004 C=BSS      S=.bss     G=DGROUP   M=JvBehaviorLabel ACBP=A9
 0002:00007BB4 00000004 C=BSS      S=.bss     G=DGROUP   M=JvExComCtrls ACBP=A9
 0002:00007BB8 00000004 C=BSS      S=.bss     G=DGROUP   M=JvExForms ACBP=A9
 0002:00007BBC 00000004 C=BSS      S=.bss     G=DGROUP   M=JvComponent ACBP=A9
 0002:00007BC0 00000004 C=BSS      S=.bss     G=DGROUP   M=JvProgressBar ACBP=A9
 0002:00007BC4 00000004 C=BSS      S=.bss     G=DGROUP   M=JvgTypes ACBP=A9
 0002:00007BC8 00000004 C=BSS      S=.bss     G=DGROUP   M=Jvg3DColors ACBP=A9
 0002:00007BCC 00000004 C=BSS      S=.bss     G=DGROUP   M=JvgUtils ACBP=A9
 0002:00007BD0 00000004 C=BSS      S=.bss     G=DGROUP   M=JvgCommClasses ACBP=A9
 0002:00007BD4 00000004 C=BSS      S=.bss     G=DGROUP   M=JvgLabel ACBP=A9
 0002:00007BD8 0000001C C=BSS      S=.bss     G=DGROUP   M=database ACBP=A9
 0002:00007BF4 00000004 C=BSS      S=.bss     G=DGROUP   M=mame     ACBP=A9
 0002:00007BF8 0000001C C=BSS      S=.bss     G=DGROUP   M=mame2    ACBP=A9
 0002:00007C14 00000040 C=BSS      S=.bss     G=DGROUP   M=Main     ACBP=A9
 0002:00007C54 00000004 C=BSS      S=.bss     G=DGROUP   M=functionX ACBP=A9


  Address         Publics by Name

 0002:00003850       ..
 0001:00083E90       ..
 0001:000857BC       ..
 0001:0008392C       ..
 0002:00003444       ..
 0001:0008F0DC       ..
 0001:00084A94       ..
 0001:0008E130       ..
 0001:0008E020       ..
 0001:0008F904       ..
 0001:00090434       ..
 0002:000034C4       ..
 0002:00003434       ..
 0001:00086348       ..
 0001:00082CC8       ..
 0001:00090590       ..
 0001:00086934       ..
 0001:00086EDC       ..
 0002:00003544       ..
 0001:00087B24       ..
 0001:00088E24       ..
 0001:00084354       ..
 0001:000894FC       ..
 0001:0008A58C       ..
 0001:00090ACC       ..
 0001:000912D0       ..
 0001:00091958       ..
 0001:0008C0A4       ..
 0001:00092280       ..
 0001:0008A880       ..
 0001:00093804       ..
 0002:00003650       ..
 0001:00092798       ..
 0001:0008AB50       ..
 0002:00003BF0       ..
 0002:00007B20       .01
 0002:00007AB8       .01
 0002:00007AC0       .01
 0002:00005A70       .1
 0002:00007B40       .1
 0002:00005B00       .1
 0002:00005C30       .1
 0002:00005C68       .1
 0002:00005A6C       .1
 0002:00005C24       .1
 0002:00005C10       .1
 0002:0000596C       .1
 0002:00005A40       .1
 0002:00007B44       .1
 0002:0000566C       .1
 0002:00007B14       .1
 0002:00005C38       .1
 0002:00007BC4       .1
 0002:00005674       .1
 0002:00007B88       .1
 0002:00005A68       .1
 0002:00005C0C       .1
 0002:0000588C       .1
 0002:00005680       .1
 0002:00005C50       .1
 0002:00005AC0       .1
 0002:00007C54       .1
 0002:00007BF4       .1
 0002:00005938       .1
 0002:00005AB0       .1
 0002:00005B3C       .1
 0002:00005924       .1
 0002:00007AA8       .1
 0002:00005A50       .1
 0002:00007C10       .1
 0002:00005C64       .1
 0002:000058F8       .1
 0002:00005A58       .1
 0002:00007B0C       .1
 0002:00005A64       .1
 0002:00005A5C       .1
 0002:00007B3C       .1
 0002:00007B6C       .1
 0002:00007AE8       .1
 0002:00007B7C       .1
 0002:00005840       .1
 0002:00007B78       .1
 0002:00005A60       .1
 0002:00007B08       .1
 0002:00005C60       .1
 0002:0000567C       .1
 0002:00007B04       .1
 0002:00005C5C       .1
 0002:00007B00       .1
 0002:00007BA0       .1
 0002:00005C6C       .1
 0002:00005C70       .1
 0002:00005A74       .11
 0002:00007AE4       .11
 0002:00005894       .12
 0002:00005AAC       .12
 0002:00007C50       .2
 0002:00007ADC       .2
 0002:00007090       .2
 0002:00007ACC       .2
 0002:00005B24       .2
 0002:000058F0       .2
 0002:00007B90       .2
 0002:00005C20       .2
 0002:00007BCC       .2
 0002:00007BF0       .2
 0002:00007B8C       .2
 0002:00007AAC       .2
 0002:00005C08       .2
 0002:0000593C       .2
 0002:00007B1C       .2
 0002:00005AB8       .2
 0002:00007B38       .2
 0002:00005C14       .2
 0002:00007B9C       .2
 0002:00007AB0       .2
 0002:000058F4       .21
 0002:00007BB0       .21
 0002:00007B94       .22
 0002:00007BC8       .3
 0002:00005678       .3
 0002:00007AF4       .3
 0002:000075A0       .3
 0002:00005C58       .3
 0002:00005848       .3
 0002:00005948       .3
 0002:00007B10       .3
 0002:00007BBC       .3
 0002:00005AF4       .3
 0002:00007B74       .3
 0002:00005BCC       .3
 0002:00005C34       .3
 0002:00005944       .3
 0002:00007B48       .3
 0002:00005C54       .3
 0002:00007B80       .31
 0002:00005794       .35
 0002:00005B14       .36
 0002:00007B68       .36
 0002:00005C2C       .4
 0002:00005C18       .4
 0002:00005A54       .4
 0002:00007AF8       .4
 0002:00005AC4       .4
 0002:0000708C       .4
 0002:00007B2C       .4
 0002:00007B18       .4
 0002:00005C3C       .41
 0002:00005BF0       .41
 0002:00005B2C       .42
 0002:00005858       .45
 0002:00007BD4       .5
 0002:00005AFC       .5
 0002:000057FC       .5
 0002:00007B70       .5
 0002:000055BC       .5
 0002:00005C1C       .5
 0002:00007AC4       .5
 0002:00007AE0       .5
 0002:00007AB4       .52
 0002:00007BD0       .52
 0002:00005980       .6
 0002:00007BC0       .6
 0002:00005844       .6
 0002:00007AEC       .7
 0002:00007098       .7
 0002:00007B28       .7
 0002:00007AF0       .7
 0002:00005C78       .71
 0002:00005B50       .72
 0002:00005B04       .72
 0002:00005B30       .73
 0002:00005AF8       .8
 0002:00005B10       .8
 0002:00007BA8       .8
 0002:00005BC8       .8
 0002:00005820       .81
 0002:00007BAC       .81
 0002:00007BB8       .9
 0002:00007B98       .9
 0002:00007AA4       .9
 0002:00005BE0       .9
 0002:00007094       .91
 0002:0000709C       .92
 0002:00007BB4       .92
 0001:00002174       @AbstractError
 0001:000032BC       @AfterConstruction
 0001:000030E8       @AsClass
 0001:0000244C       @Assign
 0001:0000263C       @AStrCmp
 0001:000032CC       @BeforeDestruction
 0001:00002E68       @BoundErr
 0001:00003134       @CallDynaInst
 0001:00005D10       @CheckAutoResult
 0001:00003264       @ClassCreate
 0001:000032B4       @ClassDestroy
 0001:00002508       @Close
 0001:00001DA0       @Copy
 0001:00004BD4       @CopyArray
 0001:00004AB8       @CopyRecord
 0001:00004D40       @DispCallByIDError
 0001:000107F4       @DispInvoke
 0001:000104EC       @DispInvokeError
 0001:00004CDC       @Dispose
 0001:0000380C       @DoneExcept
 0001:000054E8       @DynArrayAsg
 0001:000054AC       @DynArrayClear
 0001:0000538C       @DynArrayCopy
 0001:000053AC       @DynArrayCopyRange
 0001:000051AC       @DynArrayHigh
 0001:000051A4       @DynArrayLength
 0001:00005380       @DynArraySetLength
 0001:000026AC       @EofText
 0001:000038F4       @ExceptionHandler
 0001:000026E4       @FillChar
 0001:00004A94       @Finalize
 0001:000049A8       @FinalizeArray
 0001:0000495C       @FinalizeRecord
 0001:0000314C       @FindDynaInst
 0001:00002E5C       @FpuInit
 0001:00002D98       @FpuMaskInit
 0001:00001BDC       @FreeMem
 0001:00001BAC       @GetMem
 0001:0000634C       @GetTls
 0001:00003D80       @Halt
 0001:00003CA0       @Halt0
 0001:000033E0       @HandleAnyException
 0001:000036CC       @HandleAutoException
 0001:00003694       @HandleFinally
 0001:0000350C       @HandleOnException
 0001:00006398       @InitExe
 0001:00004950       @Initialize
 0001:000048BC       @InitializeArray
 0001:0000488C       @InitializeRecord
 0001:00003B48       @InitImports
 0001:00003B20       @InitResStringImports
 0001:00003AFC       @InitResStrings
 0001:00003B6C       @InitWideStrings
 0001:00005C74       @IntfAddRef
 0001:00005C44       @IntfCast
 0001:00005C00       @IntfClear
 0001:00005C18       @IntfCopy
 0001:000030C4       @IsClass
 0001:00002D68       @isNECWindows
 0001:0008DF70       @jcopy_block_row
 0001:0008DF24       @jcopy_sample_rows
 0001:0008DEFC       @jdiv_round_up
 0001:00087A90       @jinit_1pass_quantizer
 0001:00088D04       @jinit_2pass_quantizer
 0001:0009170C       @jinit_color_converter
 0001:00086D10       @jinit_color_deconverter
 0001:0008F030       @jinit_compress_master
 0001:00091208       @jinit_c_coef_controller
 0001:0009050C       @jinit_c_main_controller
 0001:0009036C       @jinit_c_master_control
 0001:00090A24       @jinit_c_prep_controller
 0001:000920F8       @jinit_downsampler
 0001:0008A478       @jinit_d_coef_controller
 0001:0008941C       @jinit_d_main_controller
 0001:0008A7EC       @jinit_d_post_controller
 0001:0009271C       @jinit_forward_dct
 0001:00086308       @jinit_huff_decoder
 0001:00094460       @jinit_huff_encoder
 0001:00083E48       @jinit_input_controller
 0001:0008AAD4       @jinit_inverse_dct
 0001:0008DDA0       @jinit_marker_reader
 0001:0008F8B0       @jinit_marker_writer
 0001:00084A5C       @jinit_master_decompress
 0001:000837F4       @jinit_memory_mgr
 0001:000868B4       @jinit_merged_upsampler
 0001:00085748       @jinit_phuff_decoder
 0001:00093228       @jinit_phuff_encoder
 0001:0008B034       @jinit_upsampler
 0001:0008DF90       @jpeg_abort
 0001:0008E008       @jpeg_alloc_huff_table
 0001:0008DFF0       @jpeg_alloc_quant_table
 0001:000934D8       @jpeg_fdct_float
 0001:0009326C       @jpeg_fdct_ifast
 0001:00085BF0       @jpeg_fill_bit_buffer
 0001:00083900       @jpeg_free_large
 0001:000838F0       @jpeg_free_small
 0001:000941A4       @jpeg_gen_optimal_table
 0001:000838F8       @jpeg_get_large
 0001:000838E8       @jpeg_get_small
 0001:00085D3C       @jpeg_huff_decode
 0001:0008C068       @jpeg_idct_1x1
 0001:0008BE78       @jpeg_idct_2x2
 0001:0008BAC4       @jpeg_idct_4x4
 0001:0008B24C       @jpeg_idct_float
 0001:0008B690       @jpeg_idct_ifast
 0001:00093994       @jpeg_make_c_derived_tbl
 0001:000858F4       @jpeg_make_d_derived_tbl
 0001:00083908       @jpeg_mem_available
 0001:00083924       @jpeg_mem_init
 0001:00083928       @jpeg_mem_term
 0001:00083914       @jpeg_open_backing_store
 0001:0008DC6C       @jpeg_resync_to_restart
 0001:0008EDF4       @jpeg_suppress_tables
 0001:0008DF0C       @jround_up
 0001:0008DF80       @jzero_far
 0001:00001DE4       @LGetDir
 0001:00004248       @LStrAddRef
 0001:00003DBC       @LStrArrayClr
 0001:00003DEC       @LStrAsg
 0001:00004060       @LStrCat
 0001:000040A4       @LStrCat3
 0001:00004118       @LStrCatN
 0001:00003D98       @LStrClr
 0001:000041A4       @LStrCmp
 0001:000042B8       @LStrCopy
 0001:000042F8       @LStrDelete
 0001:00004008       @LStrFromArray
 0001:00003F80       @LStrFromChar
 0001:00003F90       @LStrFromPChar
 0001:00003E88       @LStrFromPCharLen
 0001:00003FC0       @LStrFromPWChar
 0001:00003EF4       @LStrFromPWCharLen
 0001:00003FFC       @LStrFromString
 0001:00004020       @LStrFromWStr
 0001:00004340       @LStrInsert
 0001:00003E30       @LStrLAsg
 0001:00004058       @LStrLen
 0001:00004448       @LStrOfChar
 0001:0000439C       @LStrPos
 0001:000043E4       @LStrSetLength
 0001:00004258       @LStrToPChar
 0001:00004034       @LStrToString
 0001:00004CC8       @New
 0001:00003E5C       @NewAnsiString
 0001:0000447C       @NewWideString
 0001:00014D48       @OleVarFromInt
 0001:0001504C       @OleVarFromLStr
 0001:00015108       @OleVarFromVar
 0001:00002A7C       @Pow10
 0001:000025B8       @PStrCmp
 0001:00002590       @PStrCpy
 0001:00002560       @PStrNCat
 0001:0000259C       @PStrNCpy
 0001:000037B8       @RaiseAgain
 0001:00003790       @RaiseExcept
 0001:00002704       @RandInt
 0001:0000275C       @ReadChar
 0001:000028C0       @ReadLn
 0001:00002854       @ReadLString
 0001:00002848       @ReadString
 0001:00001BFC       @ReallocMem
 0001:000021E8       @ResetText
 0001:00002144       @ROUND
 0001:00003D8C       @RunError
 0001:00002A60       @SetEq
 0001:000020F4       @SetLength
 0001:00001E5C       @SGetDir
 0001:00003ABC       @StartExe
 0001:00004F64       @Str0Int64
 0001:00002950       @Str0Long
 0001:00004EA4       @StrInt64
 0001:00000408       @strlen
 0001:000028F0       @StrLong
 0001:00002150       @TRUNC
 0001:0000383C       @TryFinallyExit
 0001:000042B0       @UniqueStringA
 0001:00004F80       @ValInt64
 0001:0000295C       @ValLong
 0001:00018B4C       @VarAdd
 0001:00016A14       @VarAddRef
 0001:000171F0       @VarArrayGet
 0001:000172E0       @VarArrayPut
 0001:0001703C       @VarArrayRedim
 0001:00011164       @VarCast
 0001:000107D8       @VarClear
 0001:000107EC       @VarClr
 0001:00004990       @VarClr
 0001:00018B58       @VarCmpEQ
 0001:00018B88       @VarCmpGT
 0001:00018B78       @VarCmpLT
 0001:00018B68       @VarCmpNE
 0001:00004AA0       @VarCopy
 0001:00010C18       @VarCopy
 0001:00010E98       @VarCopyNoInd
 0001:00014EDC       @VarFromBool
 0001:00014D68       @VarFromByte
 0001:00014F2C       @VarFromCurr
 0001:00014E84       @VarFromCurrency
 0001:00014EB0       @VarFromDate
 0001:00015020       @VarFromDisp
 0001:00014E58       @VarFromDouble
 0001:00014CEC       @VarFromInt
 0001:00014E08       @VarFromInt64
 0001:00014D28       @VarFromInteger
 0001:00014FF4       @VarFromIntf
 0001:00014DA8       @VarFromLongWord
 0001:00014F40       @VarFromLStr
 0001:00014F6C       @VarFromPStr
 0001:00014F04       @VarFromReal
 0001:00014DC8       @VarFromShortInt
 0001:00014E34       @VarFromSingle
 0001:00014DE8       @VarFromSmallInt
 0001:00014F18       @VarFromTDateTime
 0001:00014D88       @VarFromWord
 0001:00014FBC       @VarFromWStr
 0001:00010540       @VarNull
 0001:00016068       @VarOp
 0001:00010EAC       @VarStringToOleStr
 0001:00012930       @VarToBool
 0001:000125E8       @VarToBoolean
 0001:00011A28       @VarToByte
 0001:000137D4       @VarToCurrency
 0001:0001326C       @VarToDate
 0001:00014C40       @VarToDisp
 0001:00012AFC       @VarToDouble
 0001:00011FEC       @VarToInt64
 0001:00011528       @VarToInteger
 0001:00014B74       @VarToIntf
 0001:00011CA0       @VarToLongWord
 0001:00013E88       @VarToLStr
 0001:00012E78       @VarToReal
 0001:00011978       @VarToShortInt
 0001:00012E94       @VarToSingle
 0001:00011AD0       @VarToSmallInt
 0001:00011BC8       @VarToWord
 0001:000145A8       @VarToWStr
 0001:0000486C       @WStrAddRef
 0001:000044BC       @WStrArrayClr
 0001:000044E0       @WStrAsg
 0001:0000465C       @WStrCat
 0001:000046BC       @WStrCatN
 0001:000044A4       @WStrClr
 0001:00004704       @WStrCmp
 0001:00004788       @WStrCopy
 0001:00004630       @WStrFromLStr
 0001:000045C4       @WStrFromPChar
 0001:00004504       @WStrFromPCharLen
 0001:000045F4       @WStrFromPWChar
 0001:00004590       @WStrFromPWCharLen
 0001:000045B4       @WStrFromWChar
 0001:00004650       @WStrLen
 0001:000047D4       @WStrPos
 0001:00004824       @WStrSetLength
 0001:00004640       @WStrToPWChar
 0001:00002A3C       @_CLenToPasStr
 0001:00002A30       @_CToPasStr
 0001:00001D38       @_IOTest
 0001:00004D6C       @_lldiv
 0001:00004DE8       @_llmod
 0001:00004D48       @_llmul
 0001:00004E64       @_llshl
 0001:00004E84       @_llushr
 0001:0000CA2C       Abort
 0001:0004D238       AbsMin
 0001:0000CDF8       AbstractErrorHandler
 0002:0000502C       AbstractErrorProc
 0001:00077318       AccCtrl
 0002:00000148       AccessMode
 0001:00001C98       AcquireExceptionObject
 0001:0001CCC4       ActivateClassGroup
 0001:00006AC0       ActivateKeyboardLayout
 0002:00005B84       ActiveDrag
 0001:0001A6F0       ActiveX
 0001:0005C5A0       ActnList
 0001:00000580       AddBlockAfter
 0001:00097C14       AddChars
 0001:0009ACBC       AddCurrency
 0001:0009A48C       AddCurrencySymbol
 0002:0000061C       AddDataModule
 0001:00099D98       AddDigit
 0001:0007346C       AddDrive
 0001:00008378       AddExitProc
 0001:000B9FF8       AddFieldDef
 0001:000A2618       AddFieldDefs
 0001:000A284C       AddFields
 0001:000C084C       AddFieldToList
 0001:00020574       AddFinished
 0001:0005F8E4       AddIn
 0001:0009AFAC       AddLiterals
 0001:00005A58       AddModuleUnloadProc
 0001:00005A68       AddModuleUnloadProc
 0001:0009A56C       AddNegCurrencySymbol
 0001:00099300       AddNormalizedFractions
 0001:000205AC       AddNotFinished
 0001:00099D7C       AddOneChar
 0001:00097CD0       AddStrings
 0001:00020FD0       AddSubComponentsToLoaded
 0002:00003D8C       AdjustAmt
 0002:00003D9C       AdjustAmt
 0002:00003DA4       AdjustAmt
 0002:00003D94       AdjustAmt
 0001:00028A90       AdjustColor
 0001:000358E0       AdjustColors
 0001:0009872C       AdjustDecimalPosition
 0001:000AE1D8       AdjustFirstRecord
 0001:0000878C       AdjustLineBreaks
 0001:00066990       Adjustment
 0001:00099658       AdjustNibbles
 0001:00006AC8       AdjustWindowRectEx
 0001:000B0D5C       ADOConst
 0001:000C15C8       ADODB
 0001:000B00FC       ADOInt
 0001:000B48A8       ADOTypeToFieldType
 0001:000D1794       ADStickDev
 0002:00004324       AffectRecordsValues
 0001:0000E2F0       AL1
 0002:00000318       AL1s
 0001:0000E300       AL2
 0002:00000328       AL2s
 0002:00000DF4       Alignments
 0002:00000EDC       Alignments
 0002:00001170       Alignments
 0002:00000ECC       Alignments
 0002:000012B4       Alignments
 0002:00000B2C       Alignments
 0002:00000E34       Alignments
 0002:00001160       Alignments
 0002:00000D24       AlignStyles
 0001:000528A4       AlignWork
 0001:0006D988       AlignWork
 0002:00004380       AllBehaviorOptions
 0001:00024758       AllocateHWnd
 0001:00031FA4       AllocFilterStr
 0002:00002EBC       AllocGranularity
 0001:0000831C       AllocMem
 0002:000055B4       AllocMemCount
 0002:000055B8       AllocMemSize
 0001:0002E238       AllocPatternBitmap
 0001:000062F4       AllocTlsBuffer
 0001:0000E330       ALR
 0001:0000E318       ALV
 0002:00000F4C       AnchorAlign
 0002:00000F40       AnimateWindowProc
 0002:00001048       AnimationStyle
 0002:000070A0       AnsiCaseMap
 0002:00002648       AnsiCaseMapReady
 0002:000073A0       AnsiCharTypes
 0001:0000D804       AnsiCompareFileName
 0001:00008580       AnsiCompareStr
 0001:000085B8       AnsiCompareText
 0001:00008678       AnsiExtractQuotedStr
 0001:0000911C       AnsiLastChar
 0001:00006AD0       AnsiLower
 0001:0000854C       AnsiLowerCase
 0001:0000D86C       AnsiLowerCaseFileName
 0001:0000D7C8       AnsiPos
 0002:00005C28       AnsiReplacementCharacter
 0001:0006416C       AnsiSameCaption
 0001:000085F0       AnsiSameText
 0001:00008608       AnsiStrLIComp
 0001:0000D984       AnsiStrPos
 0001:0000DA44       AnsiStrRScan
 0001:0000DA8C       AnsiStrScan
 0001:00006090       AnsiToUtf8
 0001:00008518       AnsiUpperCase
 0001:0000D8F8       AnsiUpperCaseFileName
 0001:0001567C       AnyOp
 0001:00014AFC       AnyToIntf
 0001:0000AC44       AppendChars
 0001:0000B010       AppendFormat
 0001:0000ACA8       AppendNumber
 0001:0000AC88       AppendString
 0002:00005BE8       Application
 0002:0000062C       ApplicationHandleException
 0001:000B50C8       ApplicationHandleException
 0002:00000634       ApplicationShowException
 0002:0000129C       AppVisible
 0001:0000CDDC       AssertErrorHandler
 0002:00005024       AssertErrorProc
 0001:000B7A64       AssignField
 0001:00019DC8       AssignLongStr
 0001:000B7AE0       AssignParam
 0001:000B7984       AssignParameter
 0001:000B7D94       AssignToParam
 0001:0001A444       AssignVariant
 0002:00000D78       ATickMarks
 0002:000012BC       Attributes
 0001:000A3118       AttributeSetStored
 0002:0000560C       avail
 0002:0000339C       B64Table
 0001:00009328       BackfillGetDiskFreeSpaceEx
 0001:0004FDCC       BackgroundClipped
 0001:0000F204       BackupVarBoolFromStr
 0001:0000F364       BackupVarBStrFromBool
 0001:0000F284       BackupVarBStrFromCy
 0001:0000F2F4       BackupVarBStrFromDate
 0001:0000F198       BackupVarCyFromStr
 0001:0000F12C       BackupVarDateFromStr
 0001:0000EFE8       BackupVarI4FromStr
 0001:0000EF94       BackupVariantChangeTypeEx
 0001:0000F054       BackupVarR4FromStr
 0001:0000F0C0       BackupVarR8FromStr
 0002:0000400C       BaseFieldTypes
 0002:00000460       BaseTypeMap
 0001:00099C2C       BcdAdd
 0001:00099808       BcdCompare
 0001:0009A8FC       BcdCurrencyFormat
 0001:00099A70       BcdDivide
 0001:00099BC0       BcdDivide
 0001:00096DE8       BcdError
 0001:00096D78       BcdErrorFmt
 0001:0009A2AC       BcdFixedOrNumberFormat
 0001:0009A248       BcdGeneralFormat
 0001:00099A04       BcdMultiply
 0001:0009990C       BcdMultiply
 0001:0009A0A0       BcdScale
 0001:0009A260       BcdScientificFormat
 0001:000998D0       BcdSubtract
 0001:0009A19C       BCDToCurr
 0001:000977E8       BcdToDouble
 0001:00099F5C       BcdToStr
 0001:0009A9E8       BcdToStrF
 0001:0000D3D8       Beep
 0001:0001D01C       BeginGlobalLoading
 0001:00006AD8       BeginPaint
 0001:00028A9C       BetterSize
 0001:000351D0       BevelLine
 0001:000350E0       BevelRect
 0001:00060778       BiDiDraw
 0001:00023364       BinToHex
 0001:00006880       BitBlt
 0002:00000CB0       BitBtnCaptions
 0002:00005AC8       BitBtnGlyphs
 0002:000009C0       BitCounts
 0002:000009B8       BitmapCanvasList
 0002:000058AC       BitmapImageLock
 0001:0000EFD0       BiUnimplemented
 0001:000985C8       BlankArgument
 0002:000006D4       BlockCode
 0002:000055E4       blockDescBlockList
 0002:000055E8       blockDescFreeList
 0002:00000600       BooleanIdents
 0002:0000045C       BooleanToStringRule
 0001:00008D1C       BoolToStr
 0002:00002680       BoolToStr
 0001:00013C10       BoolToWStrViaOS
 0002:00000B24       BorderStyles
 0002:00000DEC       BorderStyles
 0001:00006450       Bounds
 0001:0001BFDC       Bounds
 0002:00001108       Breaks
 0002:000058E4       BrushManager
 0002:00004358       BtnHintId
 0001:000AD874       BufferToByteArray
 0001:000BBC6C       BufferToVar
 0001:00081E80       BuildColorMap
 0001:00062F4C       BuildImage
 0001:00081DD8       BuildPalette
 0002:00000ACC       ButtonCaptions
 0002:00003D04       ButtonNames
 0002:00000AA0       ButtonNames
 0002:00001184       Buttons
 0001:000362A8       Buttons
 0002:00000EC4       ButtonStyles
 0002:00005A80       ButtonWidths
 0001:000AD930       ByteArrayToBuffer
 0001:00028268       BytesPerScanline
 0001:000285CC       ByteSwapColors
 0001:0000D4BC       ByteToCharIndex
 0001:0000D494       ByteToCharLen
 0001:0000D458       ByteType
 0001:0000D3E0       ByteTypeTest
 0002:00005BD0       CachedComCtrlVer
 0001:00024694       CalcJmpOffset
 0001:0009ABAC       CalcPrecisionAndDigits
 0001:000CA31C       CalcShadowAndHighlightColors
 0001:0005A60C       CalcSplitterPos
 0001:000A8EFC       CalcTotalSize
 0001:000A3158       CalculatedStored
 0001:00006AE0       CallNextHookEx
 0001:0000E298       CallTerminateProcs
 0001:00006AE8       CallWindowProc
 0001:0004E270       CancelDrag
 0001:000AEF04       CancelNestedDataSets
 0002:00006480       CanonicalDecompositions
 0001:00098558       CanUseShort
 0002:00005B98       CanvasList
 0002:000058E8       CanvasList
 0002:00000A78       Captions
 0002:00001004       CaptureControl
 0002:00006080       CaseMapping
 0002:00005C80       Categories
 0002:000010A8       cBooleanToItemAutoFlag
 0002:0000050C       CBooleanToRelationship
 0002:00006C80       CCCs
 0001:000318B4       CenterWindow
 0002:00005AB6       CF_COMPONENT
 0002:00005AB4       CF_PICTURE
 0002:00005818       ChangeAnyProc
 0001:0004C7F0       ChangeBiDiModeAlignment
 0001:00094964       ChangeBitmapColor
 0002:00000E78       CharCases
 0002:00000E14       CharCases
 0001:00003EB8       CharFromWChar
 0001:0007CF18       CharIsLower
 0001:0007CCE8       CharIsLower
 0001:0007CCFC       CharIsUpper
 0001:0007CF2C       CharIsUpper
 0001:0000D6A0       CharLength
 0001:00006AF0       CharLowerBuff
 0001:00006AF8       CharLowerBuffA
 0001:00000378       CharNext
 0001:00006B00       CharNext
 0001:000267AC       CharsetToIdent
 0001:0000D5A8       CharToByteIndex
 0001:0000D60C       CharToByteLen
 0001:00006B08       CharToOemA
 0001:00006B10       CharUpperBuff
 0001:00006B18       CharUpperBuffA
 0001:00001D74       ChDir
 0001:00001D88       ChDir
 0001:00029080       CheckBool
 0001:000B57AC       CheckForAsyncExecute
 0001:000BC788       CheckForFlyAway
 0001:0000335C       CheckJmp
 0001:00006B20       CheckMenuItem
 0001:000ADDB4       CheckNestedBrowseMode
 0002:000010F8       Checks
 0001:00096964       CheckSqlTimeStamp
 0001:0002100C       CheckSubComponents
 0001:0002346C       CheckSynchronize
 0001:000663C4       CheckTaskWindow
 0001:00015658       CheckType
 0001:0004DF24       CheckUndock
 0001:0000D2CC       CheckWin32Version
 0002:00000478       CInvalidCustomVariantType
 0002:000010AC       cItemAutoFlagToBoolean
 0002:000010A4       cItemAutoFlagToMenu
 0001:000248E4       Classes
 0001:0001CA88       ClassNotFound
 0002:00004054       CLASS_Command
 0002:00004044       CLASS_Connection
 0002:00004074       CLASS_DataSpace
 0002:00004064       CLASS_Recordset
 0002:00005814       ClearAnyProc
 0001:0002602C       ClearColor
 0001:00078268       ClearExcepInfo
 0001:00080D60       ClearInfoList
 0001:00017DCC       ClearVariantTypeList
 0001:00006B28       ClientToScreen
 0001:00057BF4       ClientToWindow
 0002:000009B0       ClipboardFormats
 0001:00036148       Clipbrd
 0001:00006B30       CloseClipboard
 0001:00000318       CloseHandle
 0001:00006588       CloseHandle
 0002:00005988       CloseThemeData
 0001:0001A694       CLSIDFromProgID
 0002:00004034       CLSID_DATALINKS
 0002:00005040       CmdLine
 0002:0000503C       CmdShow
 0002:000010A0       cMenuAutoFlagToItem
 0002:00000518       CmpTypeMap
 0001:0000EFDC       CmpUnimplemented
 0002:00001384       CoAddRefServerProcess
 0001:0001A68C       CoCreateInstance
 0002:0000137C       CoCreateInstanceEx
 0001:0007BAE8       CodePageFromLocale
 0001:0001A684       CoGetMalloc
 0002:000040A8       CoGetObjectContextProc
 0002:00001394       CoInitFlags
 0001:0001A674       CoInitialize
 0002:00001380       CoInitializeEx
 0002:00000730       Colors
 0001:000265A4       ColorToIdent
 0002:00000B38       ColorToPretyName
 0001:00026594       ColorToRGB
 0002:00002EE4       ColorValues
 0002:00000E64       ComboBoxStyles
 0002:00005C44       ComClassManagerVar
 0001:0007763C       ComConst
 0002:000058FC       ComCtl32DLL
 0002:00005B20       ComCtlVersion
 0001:0003C194       ComCtrls
 0002:00005BE4       CommandPool
 0002:000040C4       CommandTypeValues
 0001:0002E8D0       CommCtrl
 0001:000311A8       CommDlg
 0001:00000900       Commit
 0002:00005628       committedRoot
 0001:00078530       ComObj
 0001:000995D8       CompactBcd
 0001:000979B4       CompareDigits
 0001:0005EEC8       CompareFront
 0001:00008480       CompareMem
 0001:000993B8       CompareNormalizedFractions
 0001:00008450       CompareStr
 0001:00006590       CompareString
 0001:00006598       CompareStringA
 0001:000065A0       CompareStringW
 0001:000084A0       CompareText
 0001:0007BB5C       CompareTextWin95
 0001:0007BC5C       CompareTextWinNT
 0001:00008C44       CompareWith
 0002:00006880       CompatibleDecompositions
 0001:000210EC       ComponentCreated
 0002:00007088       Compositions
 0001:00028E40       ComputeAldusChecksum
 0001:00036104       ComStrs
 0002:00007C14       Conf
 0001:000E4580       confEditor
 0002:000040DC       ConnectModeValues
 0002:000040FC       ConnectOptionValues
 0001:00024CB8       Consts
 0001:0002E740       Contnrs
 0002:00005B56       ControlAtom
 0002:00005B5C       ControlAtomString
 0001:0006B178       ControlHasHelp
 0001:0005B2A8       Controls
 0002:00003D30       Conversions
 0002:00000650       Convert
 0002:00000660       Convert
 0001:0000C7BC       ConvertAddr
 0001:0000AD9C       ConvertEraString
 0001:000082E0       ConvertError
 0001:000082F8       ConvertErrorFmt
 0001:0000AF08       ConvertYearString
 0001:000051B4       CopyArray
 0001:0002B4D4       CopyBitmap
 0001:0002BB9C       CopyBitmapAsMask
 0001:0009A234       CopyByte
 0001:00006888       CopyEnhMetaFile
 0001:000065A8       CopyFile
 0001:0002BB38       CopyPalette
 0002:00000D88       Copyright
 0001:00061FF8       CopyToBest
 0002:00001388       CoReleaseServerProcess
 0002:0000138C       CoResumeClassObjects
 0002:00001390       CoSuspendClassObjects
 0001:0001A67C       CoUninitialize
 0001:0000D518       CountChars
 0002:000058C4       CounterLock
 0002:0000047C       CRangeToType
 0002:000012A8       crDragAlt
 0001:000B4844       CreateADOObject
 0001:000948F4       CreateAppStoragePropertyEngineList
 0001:0000CD20       CreateAssertException
 0001:0000CEA8       CreateAVObject
 0001:00006890       CreateBitmap
 0001:00006898       CreateBrushIndirect
 0001:000779F8       CreateComObject
 0001:000068A0       CreateCompatibleBitmap
 0001:000068A8       CreateCompatibleDC
 0001:0002116C       CreateComponent
 0001:000068B8       CreateDIBitmap
 0001:000068B0       CreateDIBSection
 0001:000093A8       CreateDir
 0001:000065B0       CreateDirectory
 0001:000065B8       CreateEvent
 0001:000065C0       CreateFile
 0001:00000320       CreateFileA
 0001:000065C8       CreateFileMapping
 0001:000068C0       CreateFontIndirect
 0001:000068C8       CreateHalftonePalette
 0001:00006B38       CreateIcon
 0001:0000CC4C       CreateInOutError
 0001:00006B40       CreateMenu
 0001:00032CA4       CreateMessageDialog
 0001:00077574       CreateMutex
 0001:00077A30       CreateOleObject
 0001:000068D0       CreatePalette
 0001:000068D8       CreatePenIndirect
 0001:00006B48       CreatePopupMenu
 0001:000065D0       CreateProcess
 0001:000068E0       CreateRectRgn
 0001:00094A30       CreateRotatedFont
 0001:000068E8       CreateSolidBrush
 0001:00028624       CreateSystemPalette
 0001:000065D8       CreateThread
 0001:00007130       CreateWindow
 0001:000070D8       CreateWindowEx
 0001:000C4A44       CreateWMMessage
 0001:000C4A60       CreateWMMessage
 0002:00000F44       CreationControl
 0002:00000A14       CreationControl
 0002:000005EC       CRelationshipToBoolean
 0002:00000440       CResult
 0002:000012AC       crMultiDragAlt
 0002:000012A4       crMultiDragLink
 0002:000012B0       crMultiDragLinkAlt
 0002:00007BDC       cs
 0002:00000F30       CSHREDRAW
 0002:00000140       cSimpleBoolStrs
 0002:00000594       CText
 0002:00000EBC       Ctl3DStyles
 0002:00001040       Ctl3DStyles
 0002:00005620       curAlloc
 0001:00016368       CurrCompare
 0002:0000568C       CurrencyDecimals
 0002:00005688       CurrencyFormat
 0002:00005684       CurrencyString
 0001:0000AC30       CurrentYear
 0001:00015C64       CurrOp
 0001:0009A110       CurrToBCD
 0001:000BB4E8       CurrToBuffer
 0001:0000A53C       CurrToStr
 0001:0000A5A4       CurrToStrF
 0001:00013BA0       CurrToWStrViaOS
 0002:00004104       CursorLocationValues
 0002:00001220       CursorMap
 0002:0000410C       CursorOptionValues
 0002:00000F54       Cursors
 0001:0004CB10       CursorToIdent
 0002:00004140       CursorTypeValues
 0002:00001210       cUseAlpha
 0002:00001218       cUseColorKey
 0001:00072C10       CutFirstDirectory
 0002:00000338       CVarTypeToElementInfo
 0001:00008998       CvtInt
 0001:00008A04       CvtInt64
 0002:00003E08       CWNear
 0002:00000180       CWNear
 0002:00000F38       Data
 0002:00007BD8       Data
 0001:000D1364       database
 0001:000A1148       DatabaseError
 0001:000A11F4       DatabaseErrorFmt
 0002:00007C0C       DataSource
 0002:00004154       DataTypeValues
 0001:00016340       DateCompare
 0001:0001579C       DateOp
 0002:0000568D       DateSeparator
 0001:000AD82C       DateTimeToNative
 0001:00096894       DateTimeToSQLTimeStamp
 0001:0000B874       DateTimeToStr
 0001:0000B7E8       DateTimeToString
 0001:0000A758       DateTimeToTimeStamp
 0001:0000B844       DateToStr
 0001:00013BD8       DateToWStrViaOS
 0001:000959A4       DateUtils
 0002:00003324       Day
 0001:0000AC08       DayOfWeek
 0001:0009593C       DaysInAMonth
 0001:000AFD64       DB
 0002:00007B64       DBApplication
 0001:000B0B4C       DBCommon
 0001:00095B4C       DBConsts
 0001:000C259C       DBCtrls
 0001:000C263C       DBGrids
 0001:000C1D80       DBLogDlg
 0001:000C22F0       DBPWDlg
 0002:00007B60       DBScreen
 0002:0000017C       DCon10
 0002:0000072C       DDBsOnly
 0001:0002480C       DeallocateHWnd
 0002:0000002C       DebugHook
 0002:0000568B       DecimalSeparator
 0001:000175B8       DecIndices
 0001:0000ABE8       DecodeDate
 0001:0000AA98       DecodeDateFully
 0001:0000A900       DecodeTime
 0001:000009C0       Decommit
 0001:000010EC       DecommitFree
 0002:000055FC       decommittedRoot
 0001:00068DF8       Default
 0001:0006E5C4       Default
 0002:00000024       Default8087CW
 0002:00000F48       DefaultDockTreeClass
 0002:00003E14       DefaultFieldClasses
 0001:000DF578       DefaultSet
 0002:00000038       DefaultTextLineBreakStyle
 0002:000055C0       DefaultUserCodePage
 0002:00000980       DefBrushData
 0002:00003CFC       DefCompanyName
 0002:00000700       DefFontData
 0001:00006B50       DefFrameProc
 0002:0000020C       DefLongDayNames
 0002:000001C0       DefLongMonthNames
 0001:00006B58       DefMDIChildProc
 0002:00000960       DefPenData
 0002:000001F0       DefShortDayNames
 0002:00000190       DefShortMonthNames
 0001:00006B60       DefWindowProc
 0001:00005540       DelayLoadResourceModule
 0001:000005DC       DeleteBlock
 0001:000065E0       DeleteCriticalSection
 0001:000004EC       DeleteCriticalSection
 0001:000068F0       DeleteDC
 0001:000068F8       DeleteEnhMetaFile
 0001:000065E8       DeleteFile
 0001:00009104       DeleteFile
 0001:00000ED4       DeleteFree
 0001:00006B68       DeleteMenu
 0001:00006900       DeleteObject
 0001:00046140       DeleteSelectedText
 0001:00080D3C       DeleteType
 0001:0002B090       DeselectBitmap
 0001:000BA728       DesignerDataStored
 0001:00094908       DestroyAppStoragePropertyEngineList
 0001:00006B70       DestroyCursor
 0001:00006B78       DestroyIcon
 0001:000361D8       DestroyLocals
 0001:00006B80       DestroyMenu
 0001:00006B88       DestroyWindow
 0001:000D1644       DialDev
 0001:0004A068       DialogEnumerationTester
 0001:00031968       DialogHook
 0001:00033514       Dialogs
 0002:000009BC       DIBPalSizes
 0002:00000094       dig
 0002:00004084       DIID_ConnectionEvents
 0002:00004094       DIID_RecordsetEvents
 0001:00008EFC       DirectoryExists
 0001:000764D0       DirectoryExists
 0001:00073BE8       DirLevel
 0001:00066200       DisableTaskWindows
 0001:00077C7C       DispatchInvoke
 0001:0007825C       DispatchInvokeError
 0001:000C4BB8       DispatchIsDesignMsg
 0001:00006B90       DispatchMessage
 0001:0006C458       DispatchShortCut
 0001:00078278       DispCall
 0001:0007835C       DispCallByID
 0002:00005000       DispCallByIDProc
 0001:00078188       DispCallError
 0001:000082C4       DivMod
 0001:000311E0       Dlgs
 0001:0006D83C       DoAlign
 0001:00052734       DoAlign
 0001:000ACED8       DoBindFields
 0001:000568D4       DoCalcConstraints
 0002:00005B8C       DockSiteList
 0001:00062C18       DoClick
 0001:00053E78       DoControlMsg
 0001:000661B0       DoDisableWindow
 0001:0004D850       DoDragOver
 0001:0000833C       DoExitProc
 0001:000588E0       DoFindControlZone
 0001:00066304       DoFindWindow
 0001:00058E6C       DoFindZone
 0001:00058964       DoForEach
 0001:0005A270       DoGetNextLimit
 0001:00066178       DoneApplication
 0001:0005AFD0       DoneControls
 0001:0000D1DC       DoneExceptions
 0001:0006A7D4       DoNestedActivation
 0001:0002342C       DoneThreadSynchronization
 0001:0006F988       DoOnHelp
 0001:000522F4       DoPosition
 0001:0006D68C       DoPosition
 0001:00059898       DoPrune
 0001:000BCA68       DoRecordsetDelete
 0001:00034944       DoRect
 0001:00059D70       DoSaveZone
 0001:00059F74       DoSetNewBounds
 0002:00003E0C       Dot
 0002:00000608       DotSep
 0001:0002A1AC       DoWrite
 0001:0005D528       DoWrite
 0001:0001E640       DoWrite
 0001:000292D8       DoWrite
 0001:00053460       DoWriteDesignSize
 0001:00050ECC       DoWriteIsControl
 0002:00005B70       DragCapture
 0002:00005B64       DragControl
 0001:0004DF98       DragDone
 0001:0004D800       DragFindTarget
 0001:0004D7D4       DragFindWindow
 0002:00005B88       DragImageList
 0001:0004DBF0       DragInit
 0001:0004DD60       DragInitControl
 0002:00005B6C       DragInternalObject
 0001:0004D71C       DragMessage
 0002:00005B68       DragObject
 0002:00005B94       DragSave
 0002:00005B7C       DragSaveCursor
 0002:00005B74       DragStartPos
 0002:00005B80       DragThreshold
 0001:0004D920       DragTo
 0001:0006E600       DrawAppIcon
 0002:00003D00       DrawBitmap
 0001:00059404       DrawCloseButton
 0001:00006B98       DrawEdge
 0001:00006BA0       DrawFocusRect
 0001:00006BA8       DrawFrameControl
 0001:0005945C       DrawGrabberLine
 0001:00006BB0       DrawIcon
 0001:00006BB8       DrawIconEx
 0002:0000107C       DrawingStyles
 0001:000C9B9C       DrawMain
 0001:00006BC0       DrawMenuBar
 0001:00063F88       DrawMenuItem
 0001:00006BC8       DrawText
 0002:0000598C       DrawThemeBackground
 0002:000059B0       DrawThemeEdge
 0002:000059B4       DrawThemeIcon
 0002:00005A38       DrawThemeParentBackground
 0002:00005990       DrawThemeText
 0001:000280E8       DupBits
 0001:00017560       DynArrayBounds
 0001:000051CC       DynArrayClear
 0001:000174B8       DynArrayDim
 0001:00017494       DynArrayElTypeInfo
 0001:00017A60       DynArrayFromVariant
 0001:00017450       DynArrayIndex
 0001:000051D4       DynArraySetLength
 0001:000174E0       DynArraySize
 0001:000176DC       DynArrayToVariant
 0001:00017624       DynArrayVariantBounds
 0001:00017694       DynArrayVarType
 0002:00001168       EdgeStyle
 0002:00000EAC       EdgeStyles
 0002:00001030       EdgeStyles
 0001:0000CC20       EHeapException.FreeInstance
 0001:00077470       EJclWin32Error.CreateRes
 0001:00081468       EmitMessage
 0002:00000E30       Empty
 0001:00006BD0       EmptyClipboard
 0001:000161CC       EmptyCompare
 0001:00015BCC       EmptyOp
 0002:00005800       EmptyParam
 0002:000000C4       EmptyStr
 0002:000000C8       EmptyWideStr
 0002:00007C18       EmuIni
 0001:000DEA58       EnableMame
 0001:00006BD8       EnableMenuItem
 0002:00001100       Enables
 0001:00006BE0       EnableScrollBar
 0001:000662B4       EnableTaskWindows
 0002:00005A20       EnableThemeDialogTexture
 0002:00005A3C       EnableTheming
 0001:00006BE8       EnableWindow
 0001:0000AA68       EncodeDate
 0001:0000A8C0       EncodeTime
 0001:0001D0A4       EndGlobalLoading
 0001:00006BF0       EndPaint
 0001:000004DC       EnterCriticalSection
 0001:000065F0       EnterCriticalSection
 0001:000065F8       EnumCalendarInfoA
 0002:00005920       EnumDisplayMonitors
 0001:00006BF8       EnumDisplaySettings
 0001:0000C430       EnumEraNames
 0001:0000C46C       EnumEraYearOffsets
 0001:000693BC       EnumMonitorsProc
 0001:00006C00       EnumThreadWindows
 0001:0002091C       EnumValue
 0001:00006C08       EnumWindows
 0001:000778D0       EOleException.Create
 0001:00077800       EOleSysError.Create
 0001:00006C10       EqualRect
 0002:00005754       EraNames
 0002:00007B30       Erase
 0001:00095934       erasedirs
 0001:000D146C       EraseRomDir
 0001:0000BAEC       EraToYear
 0002:00005770       EraYearOffsets
 0002:0000006C       errCaption
 0001:0001C62C       Error
 0001:00001D2C       Error
 0001:0005EC18       Error
 0001:00020100       Error
 0002:00000004       ErrorAddr
 0001:00001CE0       ErrorAt
 0001:0000CCCC       ErrorHandler
 0002:00000228       ErrorMap
 0002:00005008       ErrorProc
 0002:000053E8       ErrOutput
 0001:000A1074       EUpdateError.Create
 0001:000A1118       EUpdateError.Destroy
 0002:000041EC       EventReasonValues
 0002:00003F6C       Events
 0002:00004228       EventStatusValues
 0001:00001C6C       ExceptAddr
 0002:0000500C       ExceptClsProc
 0001:0000D148       ExceptHandler
 0001:0000CA4C       Exception.Create
 0001:0000CA88       Exception.CreateFmt
 0001:0000CBD8       Exception.CreateHelp
 0001:0000CB08       Exception.CreateRes
 0001:0000CB44       Exception.CreateResFmt
 0002:0000501C       ExceptionClass
 0001:0000C7C8       ExceptionErrorMessage
 0002:00000260       ExceptMap
 0001:00001C4C       ExceptObject
 0002:00005010       ExceptObjProc
 0002:00005004       ExceptProc
 0001:00006908       ExcludeClipRect
 0001:0000D790       ExcludeTrailingPathDelimiter
 0001:000B4C44       ExecuteOptionsToOrd
 0002:0000423C       ExecuteOptionValues
 0002:00000000       ExitCode
 0001:00003BE4       ExitDll
 0002:00005048       ExitProc
 0001:00000380       ExitProcess
 0002:00005028       ExitProcessProc
 0002:0000013C       ExitProcList
 0001:000092EC       ExpandFileName
 0001:00031C40       ExplorerHook
 0001:000374C4       ExtActns
 0001:00036064       ExtCtrls
 0001:00036300       ExtDlgs
 0002:00000F10       ExtendSelects
 0002:000043FC       Extensions
 0001:000B5D74       ExtractCommandType
 0001:000B4CC0       ExtractFieldName
 0001:000A1250       ExtractFieldName
 0001:000091D8       ExtractFileDrive
 0001:000092A4       ExtractFileExt
 0001:0000926C       ExtractFileName
 0001:000322B8       ExtractFileName
 0001:00032300       ExtractFileNames
 0001:000091A4       ExtractFilePath
 0001:0009AE50       ExtractLiterals
 0001:0009AAA4       ExtractMoneySymbol
 0001:000B59EC       ExtractUserID
 0001:00006910       ExtTextOut
 0001:000C9E0C       ExtTextOutExt
 0002:00007BEC       f1
 0002:00005790       FalseBoolStrs
 0002:00005ABC       FClipboard
 0002:00000170       FCon1E18
 0002:00003E04       FConst10
 0001:000B5084       FieldListCheckSum
 0002:00003EAC       FieldTypeNames
 0001:00008E84       FileAge
 0001:00008E7C       FileClose
 0001:00008DC0       FileCreate
 0001:00008DE4       FileCreate
 0001:00076510       FileCtrl
 0001:00008EEC       FileExists
 0002:000009B4       FileFormats
 0002:0000000C       FileMode
 0001:00002230       FileNOPProc
 0001:00008D68       FileOpen
 0001:00008DEC       FileRead
 0002:00000644       FilerSignature
 0001:00008E44       FileSeek
 0001:00006600       FileTimeToDosDateTime
 0001:00006608       FileTimeToLocalFileTime
 0001:00008E18       FileWrite
 0001:0000100C       FillAfterGap
 0001:00000FAC       FillBeforeGap
 0001:000010AC       FillerSizeAfterGap
 0001:00001034       FillerSizeBeforeGap
 0001:00006C18       FillRect
 0002:0000424C       FilterGroupValues
 0001:000C260C       Finalization
 0001:000C47A8       Finalization
 0001:000947A0       Finalization
 0001:000C2558       Finalization
 0001:0009491C       Finalization
 0001:000C22B4       Finalization
 0001:000C1D50       Finalization
 0001:000C1674       Finalization
 0001:000C1578       Finalization
 0001:0000646C       Finalization
 0001:0002E270       Finalization
 0001:000063DC       Finalization
 0001:0002E450       Finalization
 0001:0002E710       Finalization
 0001:0002E8A0       Finalization
 0001:0002F020       Finalization
 0001:0002F060       Finalization
 0001:000951B0       Finalization
 0001:00095254       Finalization
 0001:000D1328       Finalization
 0001:0007099C       Finalization
 0001:00030048       Finalization
 0001:00030090       Finalization
 0001:000300C8       Finalization
 0001:00070AE8       Finalization
 0001:00070B54       Finalization
 0001:00081170       Finalization
 0001:00070B8C       Finalization
 0001:00081100       Finalization
 0001:0007E794       Finalization
 0001:00070BC4       Finalization
 0001:00070CE8       Finalization
 0001:00018B98       Finalization
 0001:00018DCC       Finalization
 0001:000303EC       Finalization
 0001:000764E0       Finalization
 0001:00030598       Finalization
 0001:000C5128       Finalization
 0001:00076828       Finalization
 0001:00030F1C       Finalization
 0001:00030F8C       Finalization
 0001:00030FC4       Finalization
 0001:00031004       Finalization
 0001:0003103C       Finalization
 0001:00031074       Finalization
 0001:000310AC       Finalization
 0001:00031138       Finalization
 0001:00031178       Finalization
 0001:000311B0       Finalization
 0001:00064268       Finalization
 0001:00024C88       Finalization
 0001:00024834       Finalization
 0001:00096A70       Finalization
 0001:000C5848       Finalization
 0001:0009B56C       Finalization
 0001:00076F14       Finalization
 0001:000334B8       Finalization
 0001:0007727C       Finalization
 0001:000772E8       Finalization
 0001:0005DC78       Finalization
 0001:0003601C       Finalization
 0001:000D63E4       Finalization
 0001:000360D4       Finalization
 0001:0003610C       Finalization
 0001:000361A0       Finalization
 0001:00036270       Finalization
 0001:000362D0       Finalization
 0001:0001A5E8       Finalization
 0001:00095B1C       Finalization
 0001:0008101C       Finalization
 0001:000E1418       Finalization
 0001:0005C570       Finalization
 0001:00037350       Finalization
 0001:000373B8       Finalization
 0001:00077584       Finalization
 0001:0003741C       Finalization
 0001:00037474       Finalization
 0001:000374CC       Finalization
 0001:000CD914       Finalization
 0001:0007760C       Finalization
 0001:0001A6C0       Finalization
 0001:0005B240       Finalization
 0001:00080FB4       Finalization
 0001:0000F758       Finalization
 0001:000AFD08       Finalization
 0001:000AFE7C       Finalization
 0001:000784B0       Finalization
 0001:000B00CC       Finalization
 0001:00094594       Finalization
 0001:00080E50       Finalization
 0001:000B0B1C       Finalization
 0001:000B0C7C       Finalization
 0001:000B0D2C       Finalization
 0001:000061AC       Finalization
 0001:00080B58       Finalization
 0001:000944A4       Finalization
 0001:00078668       Finalization
 0001:000787BC       Finalization
 0001:00079F88       Finalization
 0001:0007A0E0       Finalization
 0001:0007A148       Finalization
 0001:00080938       Finalization
 0001:0007A180       Finalization
 0001:000805E0       Finalization
 0001:0003C11C       Finalization
 0001:0003CE6C       Finalization
 0001:0000ED6C       Finalization
 0001:0007A1B8       Finalization
 0001:00095974       Finalization
 0001:0007A1F0       Finalization
 0001:00007648       Finalization
 0001:0007FDFC       Finalization
 0001:0007A30C       Finalization
 0001:000C8578       Finalization
 0001:000C85BC       Finalization
 0001:00007280       Finalization
 0001:000E3D3C       Finalization
 0001:000C85F4       Finalization
 0001:000C862C       Finalization
 0001:000072B8       Finalization
 0001:0007BCD4       Finalization
 0001:0007FB2C       Finalization
 0001:0007BF04       Finalization
 0001:0007FAF4       Finalization
 0001:0007C3B8       Finalization
 0001:0007FABC       Finalization
 0001:00095904       Finalization
 0001:0007C858       Finalization
 0001:0007C99C       Finalization
 0001:0007CAE4       Finalization
 0001:0004A2E0       Finalization
 0001:0007CD10       Finalization
 0001:000C97F0       Finalization
 0001:000C9B04       Finalization
 0001:000C9B3C       Finalization
 0001:000CA61C       Finalization
 0001:0007F088       Finalization
 0001:0004965C       Finalization
 0001:000C45CC       Finalization
 0001:000E4060       Finalization
 0001:0007CF60       Finalization
 0001:0007D0C8       Finalization
 0001:000494F4       Finalization
 0001:0007D21C       Finalization
 0001:0007D364       Finalization
 0001:0007D6C4       Finalization
 0001:0007D820       Finalization
 0001:000CB8A8       Finalization
 0001:000E4098       Finalization
 0001:0007DEF8       Finalization
 0001:000947F0       Finalization
 0001:000051C4       FinalizeArray
 0001:0007EDBC       FinalizeSysInfo
 0001:000039DC       FinalizeUnits
 0001:0007E5BC       FinalizeUnitVersioning
 0001:000C4738       FinalizeWMPrintClientFix
 0001:000629D8       Find
 0001:000055D0       FindBS
 0001:0001CB48       FindClass
 0001:00005538       FindClassHInstance
 0001:00006610       FindClose
 0001:00000390       FindClose
 0001:000090E8       FindClose
 0001:00000F68       FindCommitted
 0001:0004C8F0       FindControl
 0001:00059098       FindControlAtPos
 0001:0001899C       FindCustomVariantType
 0001:00018A54       FindCustomVariantType
 0001:000D136C       FindDisplays
 0001:0004E2BC       FindDragTarget
 0001:0002131C       FindExistingComponent
 0001:00009074       FindFirst
 0001:00006618       FindFirstFile
 0001:00000398       FindFirstFile
 0001:0001CF34       FindGlobalComponent
 0001:00066410       FindGlobalComponent
 0002:00005864       FindGlobalComponentProcs
 0001:00005510       FindHInstance
 0001:0001CDDC       FindIdentToInt
 0001:00009008       FindMatchingFile
 0002:00005A7C       FindMsg
 0001:000204AC       FindNestedComponent
 0001:000090C4       FindNext
 0001:00006620       FindNextFile
 0001:0005EBE0       FindPopupControl
 0001:0000F420       FindProc
 0001:00006628       FindResource
 0001:00005588       FindResourceHInstance
 0001:000701CC       FindScanline
 0001:000490A8       FindString
 0001:00066368       FindTopMostWindow
 0001:00022200       FindUniqueName
 0001:00016D0C       FindVarData
 0001:0004E288       FindVCLWindow
 0001:00006C20       FindWindow
 0001:0004A0C0       FindWinHelp
 0001:000C4678       FindWMPrintClient
 0001:000C4604       FixedWMPrintClient
 0001:0002B488       FixupBitFields
 0002:00001178       Flags
 0002:000057A0       FLanguages
 0001:0003041C       FlatSB
 0002:0000594C       FlatSB_EnableScrollBar
 0002:00005958       FlatSB_GetScrollInfo
 0002:0000595C       FlatSB_GetScrollPos
 0002:00005954       FlatSB_GetScrollRange
 0002:00005964       FlatSB_SetScrollInfo
 0002:00005960       FlatSB_SetScrollPos
 0001:0003010C       FlatSB_SetScrollProp
 0002:00005968       FlatSB_SetScrollRange
 0002:00005950       FlatSB_ShowScrollBar
 0001:0000A1CC       FloatToDecimal
 0001:0000A50C       FloatToStr
 0001:0000A56C       FloatToStrF
 0001:00009C04       FloatToText
 0001:00009ED8       FloatToTextFmt
 0001:000024FC       Flush
 0002:00000184       FMSecsPerDay
 0001:0009B5A8       FMTBcd
 0002:00003DD0       FMTBcdVariantType
 0001:00009AF8       FmtStr
 0002:00001194       FocusCount
 0002:00001190       FocusMessages
 0002:000008D0       FontCharsets
 0002:000058DC       FontManager
 0002:00000A10       ForceCurrentDirectory
 0001:000764D8       ForceDirectories
 0001:00008F20       ForceDirectories
 0001:000663E4       ForegroundTask
 0002:0000018C       Format
 0001:00009AE4       Format
 0001:0009B4A4       FormatBcd
 0001:000096D4       FormatBuf
 0001:000096C8       FormatClearStr
[...]
  1831 0001:000DDD0B  1832 0001:000DDD1D  1833 0001:000DDD2F  1834 0001:000DDD41
  1835 0001:000DDD53  1836 0001:000DDD65  1837 0001:000DDD77  1838 0001:000DDD89
  1839 0001:000DDD98  1840 0001:000DDDAA  1841 0001:000DDDBC  1842 0001:000DDDCB
  1843 0001:000DDDDD  1844 0001:000DDDEF  1845 0001:000DDE01  1846 0001:000DDE13
  1847 0001:000DDE25  1848 0001:000DDE37  1849 0001:000DDE49  1850 0001:000DDE58
  1851 0001:000DDE6A  1852 0001:000DDE7C  1853 0001:000DDE8B  1854 0001:000DDE9D
  1855 0001:000DDEAF  1856 0001:000DDEC1  1857 0001:000DDED3  1860 0001:000DEA58
  1861 0001:000DEA62  1862 0001:000DEA71  1863 0001:000DEA80  1864 0001:000DEA8F
  1865 0001:000DEA9E  1866 0001:000DEAAD  1867 0001:000DEABC  1868 0001:000DEACB
  1869 0001:000DEADA  1870 0001:000DEAE9  1871 0001:000DEAF8  1872 0001:000DEB07
  1873 0001:000DEB16  1874 0001:000DEB25  1875 0001:000DEB34  1876 0001:000DEB43
  1877 0001:000DEB52  1878 0001:000DEB61  1879 0001:000DEB70  1880 0001:000DEB7F
  1881 0001:000DEB8E  1882 0001:000DEB9D  1883 0001:000DEBAC  1884 0001:000DEBBB
  1885 0001:000DEBCA  1886 0001:000DEBD9  1887 0001:000DEBE8  1888 0001:000DEBF7
  1889 0001:000DEC06  1890 0001:000DEC15  1891 0001:000DEC24  1892 0001:000DEC33
  1893 0001:000DEC42  1896 0001:000DEC51  1897 0001:000DEC60  1898 0001:000DEC6F
  1899 0001:000DEC7E  1900 0001:000DEC8D  1901 0001:000DEC9C  1902 0001:000DECAB
  1903 0001:000DECBA  1904 0001:000DECC9  1905 0001:000DECD8  1906 0001:000DECE7
  1907 0001:000DECF6  1908 0001:000DED05  1909 0001:000DED14  1910 0001:000DED23
  1911 0001:000DED32  1912 0001:000DED41  1913 0001:000DED50  1914 0001:000DED5F
  1915 0001:000DED6E  1916 0001:000DED7D  1917 0001:000DED8C  1918 0001:000DED9B
  1919 0001:000DEDAA  1920 0001:000DEDB9  1921 0001:000DEDC8  1922 0001:000DEDD7
  1923 0001:000DEDE6  1924 0001:000DEDF5  1925 0001:000DEE04  1926 0001:000DEE13
  1927 0001:000DEE22  1928 0001:000DEE31  1929 0001:000DEE40  1930 0001:000DEE4F
  1931 0001:000DEE5E  1932 0001:000DEE6D  1933 0001:000DEE7C  1934 0001:000DEE8B
  1935 0001:000DEE9A  1936 0001:000DEEA9  1937 0001:000DEEB8  1938 0001:000DEEC7
  1939 0001:000DEED6  1940 0001:000DEEE5  1941 0001:000DEEF4  1942 0001:000DEF03
  1943 0001:000DEF12  1944 0001:000DEF21  1945 0001:000DEF30  1946 0001:000DEF3F
  1947 0001:000DEF4E  1948 0001:000DEF5D  1949 0001:000DEF6C  1950 0001:000DEF7B
  1951 0001:000DEF8A  1952 0001:000DEF99  1953 0001:000DEFA8  1954 0001:000DEFB7
  1955 0001:000DEFC6  1956 0001:000DEFD5  1957 0001:000DEFE4  1958 0001:000DEFF3
  1959 0001:000DF002  1960 0001:000DF011  1961 0001:000DF020  1962 0001:000DF02F
  1963 0001:000DF03E  1964 0001:000DF04D  1965 0001:000DF05C  1966 0001:000DF06B
  1967 0001:000DF07A  1968 0001:000DF089  1969 0001:000DF098  1972 0001:000DF0A7
  1973 0001:000DF0B6  1974 0001:000DF0C5  1975 0001:000DF0D4  1976 0001:000DF0E3
  1977 0001:000DF0F2  1978 0001:000DF101  1979 0001:000DF110  1980 0001:000DF11F
  1981 0001:000DF12E  1982 0001:000DF13D  1983 0001:000DF14C  1984 0001:000DF15B
  1985 0001:000DF16A  1986 0001:000DF179  1987 0001:000DF188  1988 0001:000DF197
  1989 0001:000DF1A6  1990 0001:000DF1B5  1991 0001:000DF1C4  1992 0001:000DF1D3
  1993 0001:000DF1E2  1994 0001:000DF1F1  1995 0001:000DF200  1996 0001:000DF20F
  1997 0001:000DF21E  1998 0001:000DF22D  1999 0001:000DF23C  2000 0001:000DF24B
  2001 0001:000DF25A  2002 0001:000DF269  2003 0001:000DF278  2004 0001:000DF287
  2005 0001:000DF296  2006 0001:000DF2A5  2007 0001:000DF2B4  2008 0001:000DF2C3
  2009 0001:000DF2D2  2010 0001:000DF2E1  2011 0001:000DF2F0  2012 0001:000DF2FF
  2013 0001:000DF30E  2014 0001:000DF31D  2015 0001:000DF32C  2016 0001:000DF33B
  2017 0001:000DF34A  2018 0001:000DF359  2021 0001:000DF368  2022 0001:000DF377
  2023 0001:000DF386  2024 0001:000DF395  2025 0001:000DF3A4  2026 0001:000DF3B3
  2027 0001:000DF3C2  2028 0001:000DF3D1  2029 0001:000DF3E0  2030 0001:000DF3EF
  2031 0001:000DF3FE  2032 0001:000DF40D  2033 0001:000DF41C  2034 0001:000DF42B
  2035 0001:000DF43A  2036 0001:000DF449  2037 0001:000DF458  2038 0001:000DF467
  2039 0001:000DF476  2040 0001:000DF485  2041 0001:000DF494  2042 0001:000DF4A3
  2043 0001:000DF4B2  2044 0001:000DF4C1  2045 0001:000DF4D0  2046 0001:000DF4DF
  2047 0001:000DF4EE  2048 0001:000DF4FD  2049 0001:000DF50C  2050 0001:000DF51B
  2051 0001:000DF52A  2052 0001:000DF539  2053 0001:000DF548  2054 0001:000DF557
  2055 0001:000DF566  2056 0001:000DF575  2061 0001:000DF578  2062 0001:000DF591
  2063 0001:000DF5B9  2065 0001:000DF5F1  2067 0001:000DF5F8  2069 0001:000DF62C
  2070 0001:000DF636  2072 0001:000DF64D  2074 0001:000DF669  2076 0001:000DF684
  2077 0001:000DF6BE  2078 0001:000DF6D2  2080 0001:000DF70C  2082 0001:000DF726
  2083 0001:000DF72B  2086 0001:000DF744  2089 0001:000DF75B  2090 0001:000DF7AD
  2095 0001:000DF8D0  2096 0001:000DF8E8  2097 0001:000DF910  2099 0001:000DF92F
  2101 0001:000DF936  2103 0001:000DF94F  2105 0001:000DF956  2107 0001:000DF9AB
  2108 0001:000DF9B5  2110 0001:000DF9CC  2112 0001:000DF9DB  2113 0001:000DF9E2
  2115 0001:000DF9F9  2116 0001:000DFA43  2119 0001:000DFAE8  2120 0001:000DFAF2
  2121 0001:000DFB01  2122 0001:000DFB10  2123 0001:000DFB1F  2124 0001:000DFB2E
  2125 0001:000DFB3D  2126 0001:000DFB4C  2127 0001:000DFB5B  2128 0001:000DFB6A
  2129 0001:000DFB79  2130 0001:000DFB88  2131 0001:000DFB97  2132 0001:000DFBA6
  2133 0001:000DFBB5  2134 0001:000DFBC4  2135 0001:000DFBD3  2136 0001:000DFBE2
  2137 0001:000DFBF1  2138 0001:000DFC00  2139 0001:000DFC0F  2140 0001:000DFC1E
  2141 0001:000DFC2D  2142 0001:000DFC3C  2143 0001:000DFC4B  2144 0001:000DFC5A
  2145 0001:000DFC69  2146 0001:000DFC78  2147 0001:000DFC87  2148 0001:000DFC96
  2149 0001:000DFCA5  2150 0001:000DFCB4  2151 0001:000DFCC3  2152 0001:000DFCD2
  2153 0001:000DFCE1  2154 0001:000DFCF0  2155 0001:000DFCFF  2156 0001:000DFD0E
  2157 0001:000DFD1D  2158 0001:000DFD2C  2159 0001:000DFD3B  2160 0001:000DFD4A
  2161 0001:000DFD59  2162 0001:000DFD68  2163 0001:000DFD77  2165 0001:000DFD7C
  2166 0001:000DFD8B  2167 0001:000DFD9A  2171 0001:000DFDA9  2172 0001:000DFDB8
  2173 0001:000DFDC7  2175 0001:000DFDD3  2181 0001:000DFE18  2183 0001:000DFE3F
  2184 0001:000DFE5C  2185 0001:000DFE77  2186 0001:000DFE9F  2187 0001:000DFEAF
  2188 0001:000DFECC  2190 0001:000DFEDF  2191 0001:000DFF1F  2192 0001:000DFF5E
  2193 0001:000DFF7B  2195 0001:000DFFB5  2196 0001:000DFFCA  2197 0001:000DFFE5
  2198 0001:000E0007  2201 0001:000E003B  2202 0001:000E0050  2203 0001:000E006B
  2204 0001:000E008D  2207 0001:000E00C1  2208 0001:000E00D6  2209 0001:000E00F1
  2210 0001:000E0113  2213 0001:000E0147  2214 0001:000E015C  2215 0001:000E0177
  2216 0001:000E0199  2219 0001:000E01CD  2220 0001:000E01E2  2221 0001:000E01FD
  2222 0001:000E021F  2225 0001:000E0253  2226 0001:000E0268  2227 0001:000E0283
  2228 0001:000E02A5  2231 0001:000E02D9  2232 0001:000E02EE  2233 0001:000E0309
  2234 0001:000E032B  2237 0001:000E035F  2238 0001:000E0374  2239 0001:000E038F
  2240 0001:000E03B1  2243 0001:000E03E5  2244 0001:000E03FA  2245 0001:000E0415
  2246 0001:000E0437  2249 0001:000E0466  2188 0001:000E0467  2250 0001:000E0470
  2252 0001:000E047C  2254 0001:000E04B2  2255 0001:000E04C1  2256 0001:000E04D0
  2257 0001:000E04DF  2258 0001:000E04EE  2259 0001:000E04FD  2260 0001:000E050C
  2261 0001:000E051B  2262 0001:000E052A  2263 0001:000E0539  2264 0001:000E0548
  2265 0001:000E0557  2266 0001:000E0566  2267 0001:000E0575  2268 0001:000E0584
  2269 0001:000E0593  2270 0001:000E05A2  2271 0001:000E05B1  2272 0001:000E05C0
  2273 0001:000E05CF  2274 0001:000E05DE  2275 0001:000E05ED  2276 0001:000E05FC
  2277 0001:000E060B  2280 0001:000E061F  2281 0001:000E062E  2282 0001:000E063D
  2283 0001:000E064C  2284 0001:000E065B  2285 0001:000E066A  2286 0001:000E0679
  2287 0001:000E0688  2288 0001:000E0697  2289 0001:000E06A6  2290 0001:000E06B5
  2291 0001:000E06C4  2292 0001:000E06D3  2293 0001:000E06E2  2294 0001:000E06F1
  2295 0001:000E0700  2296 0001:000E070F  2297 0001:000E071E  2298 0001:000E072D
  2299 0001:000E073C  2300 0001:000E074B  2303 0001:000E075F  2304 0001:000E076E
  2305 0001:000E077D  2306 0001:000E078C  2307 0001:000E079B  2308 0001:000E07AA
  2309 0001:000E07B9  2310 0001:000E07C8  2311 0001:000E07D7  2312 0001:000E07E6
  2313 0001:000E07F5  2314 0001:000E0804  2315 0001:000E0813  2316 0001:000E0822
  2317 0001:000E0831  2318 0001:000E0840  2319 0001:000E084F  2320 0001:000E085E
  2323 0001:000E0872  2324 0001:000E0881  2325 0001:000E0890  2326 0001:000E089F
  2327 0001:000E08AE  2328 0001:000E08BD  2329 0001:000E08CC  2330 0001:000E08DB
  2331 0001:000E08EA  2332 0001:000E08F9  2333 0001:000E0908  2334 0001:000E0917
  2335 0001:000E0926  2336 0001:000E0935  2337 0001:000E0944  2340 0001:000E0958
  2341 0001:000E0967  2342 0001:000E0976  2343 0001:000E0985  2344 0001:000E0994
  2345 0001:000E09A3  2346 0001:000E09B2  2347 0001:000E09C1  2348 0001:000E09D0
  2349 0001:000E09DF  2350 0001:000E09EE  2351 0001:000E09FD  2354 0001:000E0A11
  2355 0001:000E0A20  2356 0001:000E0A2F  2357 0001:000E0A3E  2358 0001:000E0A4D
  2359 0001:000E0A5C  2360 0001:000E0A6B  2361 0001:000E0A7A  2362 0001:000E0A89
  2365 0001:000E0A9D  2366 0001:000E0AAC  2367 0001:000E0ABB  2368 0001:000E0ACA
  2369 0001:000E0AD9  2370 0001:000E0AE8  2373 0001:000E0AF9  2374 0001:000E0B08
  2375 0001:000E0B17  2378 0001:000E0B26  2250 0001:000E0B27  2379 0001:000E0B30
  2380 0001:000E0B4D  2381 0001:000E0B9D  2382 0001:000E0BBF  2383 0001:000E0BE3
  2384 0001:000E0C67  2387 0001:000E0D14  2388 0001:000E0D1B  2392 0001:000E0D22
  2393 0001:000E0D34  2394 0001:000E0D46  2395 0001:000E0D58  2396 0001:000E0D6A
  2397 0001:000E0D7C  2398 0001:000E0D8E  2399 0001:000E0DA0  2402 0001:000E0DB2
  2403 0001:000E0DC4  2404 0001:000E0DD6  2405 0001:000E0DE8  2406 0001:000E0DFA
  2407 0001:000E0E0C  2408 0001:000E0E1E  2409 0001:000E0E23  2410 0001:000E0E35
  2411 0001:000E0E3A  2412 0001:000E0E4C  2413 0001:000E0E51  2414 0001:000E0E63
  2415 0001:000E0E68  2416 0001:000E0E7A  2417 0001:000E0E7F  2418 0001:000E0E91
  2419 0001:000E0E96  2420 0001:000E0EA8  2421 0001:000E0EAD  2422 0001:000E0EC2
  2423 0001:000E0ED4  2424 0001:000E0EE6  2425 0001:000E0EF8  2426 0001:000E0F0A
  2427 0001:000E0F1C  2428 0001:000E0F2E  2429 0001:000E0F40  2430 0001:000E0F52
  2431 0001:000E0F64  2432 0001:000E0F76  2433 0001:000E0F88  2434 0001:000E0F9A
  2435 0001:000E0FAC  2436 0001:000E0FB1  2437 0001:000E0FC3  2438 0001:000E0FD2
  2439 0001:000E0FD7  2440 0001:000E0FE9  2441 0001:000E0FFB  2442 0001:000E100D
  2443 0001:000E1012  2444 0001:000E1024  2445 0001:000E1036  2448 0001:000E1048
  2449 0001:000E105A  2450 0001:000E106C  2451 0001:000E1081  2452 0001:000E1093
  2453 0001:000E1098  2454 0001:000E10A7  2455 0001:000E10AC  2456 0001:000E10BE
  2457 0001:000E10D0  2458 0001:000E10E2  2459 0001:000E10F4  2460 0001:000E1106
  2461 0001:000E1118  2462 0001:000E112A  2464 0001:000E113C  2465 0001:000E1151
  2466 0001:000E1166  2467 0001:000E117B  2468 0001:000E1190  2469 0001:000E11A5
  2470 0001:000E11BA  2471 0001:000E11CF  2472 0001:000E11E4  2473 0001:000E11F6
  2474 0001:000E1208  2475 0001:000E120D  2476 0001:000E121F  2479 0001:000E1224
  2480 0001:000E1236  2481 0001:000E1248  2482 0001:000E125A  2483 0001:000E126C
  2484 0001:000E127E  2485 0001:000E1290  2486 0001:000E12A2  2487 0001:000E12B4
  2488 0001:000E12C3  2489 0001:000E12C8  2490 0001:000E12DA  2491 0001:000E12EC
  2492 0001:000E12FE  2493 0001:000E1310  2494 0001:000E1322  2495 0001:000E1334
  2496 0001:000E1346  2497 0001:000E1358  2498 0001:000E135D  2499 0001:000E136C
  2501 0001:000E1371  2503 0001:000E147C  2503 0001:000E1483

Line numbers for Main(main.pas) segment .text

   298 0001:000E26FC   299 0001:000E2714   300 0001:000E2723   301 0001:000E2732
   302 0001:000E273E   303 0001:000E274F   304 0001:000E275F   305 0001:000E2786
   306 0001:000E27AF   311 0001:000E27CC   312 0001:000E27F2   313 0001:000E27F9
   315 0001:000E2817   316 0001:000E2824   317 0001:000E2831   318 0001:000E2858
   319 0001:000E287F   320 0001:000E2894   321 0001:000E28BE   322 0001:000E28D4
   324 0001:000E28E9   325 0001:000E28EE   326 0001:000E28F3   327 0001:000E291D
   328 0001:000E293E   329 0001:000E294B   330 0001:000E2975   331 0001:000E2984
   333 0001:000E2996   334 0001:000E29D9   335 0001:000E29F0   331 0001:000E29F3
   336 0001:000E29F6   337 0001:000E2A03   338 0001:000E2A2D   340 0001:000E2A3E
   341 0001:000E2A45   343 0001:000E2A55   344 0001:000E2A66   348 0001:000E2A7D
   352 0001:000E2A94   353 0001:000E2AA1   356 0001:000E2AC8   357 0001:000E2AF4
   360 0001:000E2C14   361 0001:000E2C2D   363 0001:000E2C43   364 0001:000E2C5C
   365 0001:000E2C7D   366 0001:000E2C8B   367 0001:000E2C9E   368 0001:000E2CC4
   370 0001:000E2CF4   373 0001:000E2D84   374 0001:000E2D87   375 0001:000E2D99
   376 0001:000E2D9E   379 0001:000E2DA0   380 0001:000E2DA3   381 0001:000E2DB5
   382 0001:000E2DBA   385 0001:000E2DBC   386 0001:000E2DBF   387 0001:000E2DD1
   388 0001:000E2DD6   391 0001:000E2DD8   392 0001:000E2DDB   393 0001:000E2DED
   394 0001:000E2DF2   397 0001:000E2DF4   398 0001:000E2DF7   399 0001:000E2E09
   400 0001:000E2E0E   403 0001:000E2E10   404 0001:000E2E13   405 0001:000E2E25
   406 0001:000E2E2A   409 0001:000E2E2C   410 0001:000E2E2F   411 0001:000E2E41
   412 0001:000E2E46   415 0001:000E2E48   416 0001:000E2E4B   417 0001:000E2E5D
   418 0001:000E2E62   421 0001:000E2E64   422 0001:000E2E67   423 0001:000E2E79
   424 0001:000E2E7E   427 0001:000E2E80   428 0001:000E2E83   429 0001:000E2E95
   430 0001:000E2E9A   433 0001:000E2E9C   434 0001:000E2E9F   435 0001:000E2EB1
   436 0001:000E2EB6   439 0001:000E2EB8   440 0001:000E2EBB   441 0001:000E2ECD
   442 0001:000E2ED2   445 0001:000E2ED4   446 0001:000E2ED7   447 0001:000E2EE9
   448 0001:000E2EEE   451 0001:000E2EF0   452 0001:000E2EF3   453 0001:000E2F05
   454 0001:000E2F0A   457 0001:000E2F0C   458 0001:000E2F0F   459 0001:000E2F21
   460 0001:000E2F26   463 0001:000E2F28   464 0001:000E2F2B   465 0001:000E2F3D
   466 0001:000E2F42   469 0001:000E2F44   470 0001:000E2F47   471 0001:000E2F59
   472 0001:000E2F5E   475 0001:000E2F60   476 0001:000E2F63   478 0001:000E2F75
   479 0001:000E2F7C   481 0001:000E2F81   484 0001:000E2F84   485 0001:000E2F87
   487 0001:000E2F99   488 0001:000E2FA3   490 0001:000E2FA8   493 0001:000E2FAC
   494 0001:000E2FAF   495 0001:000E2FC1   496 0001:000E2FC6   499 0001:000E2FC8
   500 0001:000E2FCB   501 0001:000E2FDD   502 0001:000E2FE2   505 0001:000E2FE4
   506 0001:000E2FE7   507 0001:000E2FF9   508 0001:000E2FFE   511 0001:000E3000
   512 0001:000E3003   513 0001:000E3015   514 0001:000E301A   517 0001:000E301C
   518 0001:000E301F   519 0001:000E3031   520 0001:000E3036   523 0001:000E3038
   524 0001:000E303B   525 0001:000E304D   526 0001:000E3052   529 0001:000E3054
   530 0001:000E3057   531 0001:000E3069   532 0001:000E306E   535 0001:000E3070
   536 0001:000E3073   538 0001:000E3085   539 0001:000E308F   540 0001:000E30A3
   542 0001:000E30AE   545 0001:000E30B0   546 0001:000E30B3   548 0001:000E30C5
   549 0001:000E30CF   550 0001:000E30E8   552 0001:000E30F3   555 0001:000E3118
   556 0001:000E311C   558 0001:000E312E   559 0001:000E3138   560 0001:000E3151
   561 0001:000E316A   563 0001:000E3175   566 0001:000E31CC   567 0001:000E31CF
   569 0001:000E31E1   570 0001:000E31EB   571 0001:000E3204   573 0001:000E320F
   576 0001:000E3234   577 0001:000E3237   579 0001:000E3249   580 0001:000E3253
   581 0001:000E326C   583 0001:000E3277   586 0001:000E3298   587 0001:000E329B
   589 0001:000E32AD   590 0001:000E32B7   591 0001:000E32D0   593 0001:000E32DB
   596 0001:000E3300   597 0001:000E3304   599 0001:000E3316   600 0001:000E3320
   601 0001:000E3339   602 0001:000E3352   604 0001:000E335D   607 0001:000E33C0
   608 0001:000E33C4   610 0001:000E33D6   611 0001:000E33E0   612 0001:000E33F9
   613 0001:000E3412   615 0001:000E341D   618 0001:000E3480   619 0001:000E3484
   621 0001:000E3496   622 0001:000E34A0   623 0001:000E34B9   624 0001:000E34D2
   626 0001:000E34DD   629 0001:000E3534   630 0001:000E3537   632 0001:000E3549
   633 0001:000E3553   634 0001:000E356C   636 0001:000E3577   639 0001:000E359C
   640 0001:000E35B5   642 0001:000E35CB   643 0001:000E35E4   644 0001:000E35F1
   645 0001:000E3628   646 0001:000E3636   647 0001:000E3649   649 0001:000E3679
   652 0001:000E36F0   653 0001:000E36F3   655 0001:000E3705   657 0001:000E3715
   660 0001:000E3728   661 0001:000E372B   663 0001:000E373D   665 0001:000E374D
   668 0001:000E3760   669 0001:000E3779   671 0001:000E378F   672 0001:000E37A8
   673 0001:000E37B5   674 0001:000E37EC   675 0001:000E37FA   676 0001:000E380D
   678 0001:000E383D   681 0001:000E38B4   682 0001:000E38B7   684 0001:000E38CD
   686 0001:000E390E   687 0001:000E3918   688 0001:000E391F   690 0001:000E3930
   691 0001:000E3949   692 0001:000E3962   693 0001:000E397B   694 0001:000E3991
   695 0001:000E39A7   696 0001:000E39BD   697 0001:000E39D3   698 0001:000E39E9
   701 0001:000E39FD   704 0001:000E3A00   705 0001:000E3A03   707 0001:000E3A15
   709 0001:000E3A1A   713 0001:000E3A1C   714 0001:000E3A26   717 0001:000E3A28
   718 0001:000E3A2B   720 0001:000E3A3D   722 0001:000E3A42   725 0001:000E3A44
   726 0001:000E3A5F   728 0001:000E3A75   729 0001:000E3A9F   730 0001:000E3AC9
   732 0001:000E3ADA   734 0001:000E3AF8   735 0001:000E3AFD   736 0001:000E3B02
   737 0001:000E3B0C   738 0001:000E3B13   739 0001:000E3B1F   743 0001:000E3B55
   746 0001:000E3BB4   747 0001:000E3BB7   749 0001:000E3BC9   750 0001:000E3BD0
   751 0001:000E3BDC   752 0001:000E3BF5   754 0001:000E3BFA   757 0001:000E3BFC
   758 0001:000E3C12   760 0001:000E3C24   761 0001:000E3C4E   763 0001:000E3C5F
   765 0001:000E3C6B   766 0001:000E3C7C   767 0001:000E3C88   768 0001:000E3C99
   770 0001:000E3CC0   772 0001:000E3DC8   772 0001:000E3DCF

Line numbers for functionX(FunctionX.pas) segment .text

    35 0001:000E3DD0    39 0001:000E3DF8    40 0001:000E3DFC    41 0001:000E3E0A
    42 0001:000E3E17    43 0001:000E3E26    44 0001:000E3E2D    45 0001:000E3E34
    48 0001:000E3E59    49 0001:000E3E67    50 0001:000E3E76    51 0001:000E3E7D
    52 0001:000E3E83    53 0001:000E3E8A    55 0001:000E3E90    58 0001:000E3ED6
    59 0001:000E3EE1    60 0001:000E3EEC    61 0001:000E3EF9    62 0001:000E3F01
    63 0001:000E3F0A    64 0001:000E3F13    66 0001:000E3F1C    69 0001:000E3F2B
    70 0001:000E3F39    78 0001:000E3F51    80 0001:000E3F61    81 0001:000E3F7C
    85 0001:000E3F84    89 0001:000E3FBD    90 0001:000E3FC6    91 0001:000E3FD4
    94 0001:000E3FEB    95 0001:000E4020    98 0001:000E4090    98 0001:000E4097

Line numbers for confEditor(C:\MyProjects\ExtraFe\confEditor\confEditor.dpr) segment .text

    13 0001:000E4580    14 0001:000E4590    15 0001:000E459C    16 0001:000E45B4
    17 0001:000E45CC    18 0001:000E45E4    19 0001:000E45F0

Bound resource files

c:\program files\delphi7se\Lib\Buttons.res
c:\program files\delphi7se\Lib\ExtDlgs.res
c:\program files\delphi7se\Lib\Controls.res
c:\program files\delphi7se\Lib\WindowsXP.res
c:\program files\delphi7se\Lib\FileCtrl.res
C:\PROGRA~1\DELPHI~1\COMPON~1\jcl\lib\d7\JclUnicode.res
C:\Program Files\Delphi7SE\components\jvcl\Resources\JvConsts.res
erasedirs.dfm
c:\program files\delphi7se\Lib\DBLogDlg.dfm
c:\program files\delphi7se\Lib\DBPWDlg.dfm
c:\program files\delphi7se\Lib\DBCtrls.res
c:\program files\delphi7se\Lib\DBGrids.res
C:\Program Files\Delphi7SE\components\XiTrackBar.1.00\XiTrackBar.1.00\XiTrackBar.res
database.dfm
Main.dfm
confEditor.res
confEditor.drf


Program entry point at 0001:000E4580
